<?xml version="1.0"?>
<link_info>
   <banner>MSP430 Linker PC v4.4.4</banner>
   <copyright>Copyright (c) 2003-2015 Texas Instruments Incorporated</copyright>
   <link_time>0x55bad0ed</link_time>
   <link_errors>0x0</link_errors>
   <output_file>proj02_blinkTemp_launchpad_original.out</output_file>
   <entry_point>
      <name>_c_int00_noargs_noexit</name>
      <address>0xc52e</address>
   </entry_point>
   <input_file_list>
      <input_file id="fl-2">
         <path>.\</path>
         <kind>object</kind>
         <file>main.obj</file>
         <name>main.obj</name>
      </input_file>
      <input_file id="fl-31">
         <path>C:\ti\ccsv6\tools\compiler\ti-cgt-msp430_4.4.4\lib\</path>
         <kind>archive</kind>
         <file>rts430_eabi.lib</file>
         <name>asr32.obj</name>
      </input_file>
      <input_file id="fl-32">
         <path>C:\ti\ccsv6\tools\compiler\ti-cgt-msp430_4.4.4\lib\</path>
         <kind>archive</kind>
         <file>rts430_eabi.lib</file>
         <name>boot.obj</name>
      </input_file>
      <input_file id="fl-33">
         <path>C:\ti\ccsv6\tools\compiler\ti-cgt-msp430_4.4.4\lib\</path>
         <kind>archive</kind>
         <file>rts430_eabi.lib</file>
         <name>boot_special.obj</name>
      </input_file>
      <input_file id="fl-34">
         <path>C:\ti\ccsv6\tools\compiler\ti-cgt-msp430_4.4.4\lib\</path>
         <kind>archive</kind>
         <file>rts430_eabi.lib</file>
         <name>copy_decompress_none.obj</name>
      </input_file>
      <input_file id="fl-35">
         <path>C:\ti\ccsv6\tools\compiler\ti-cgt-msp430_4.4.4\lib\</path>
         <kind>archive</kind>
         <file>rts430_eabi.lib</file>
         <name>copy_decompress_rle.obj</name>
      </input_file>
      <input_file id="fl-36">
         <path>C:\ti\ccsv6\tools\compiler\ti-cgt-msp430_4.4.4\lib\</path>
         <kind>archive</kind>
         <file>rts430_eabi.lib</file>
         <name>copy_zero_init.obj</name>
      </input_file>
      <input_file id="fl-37">
         <path>C:\ti\ccsv6\tools\compiler\ti-cgt-msp430_4.4.4\lib\</path>
         <kind>archive</kind>
         <file>rts430_eabi.lib</file>
         <name>div32s.obj</name>
      </input_file>
      <input_file id="fl-38">
         <path>C:\ti\ccsv6\tools\compiler\ti-cgt-msp430_4.4.4\lib\</path>
         <kind>archive</kind>
         <file>rts430_eabi.lib</file>
         <name>div32u.obj</name>
      </input_file>
      <input_file id="fl-39">
         <path>C:\ti\ccsv6\tools\compiler\ti-cgt-msp430_4.4.4\lib\</path>
         <kind>archive</kind>
         <file>rts430_eabi.lib</file>
         <name>epilog.obj</name>
      </input_file>
      <input_file id="fl-3a">
         <path>C:\ti\ccsv6\tools\compiler\ti-cgt-msp430_4.4.4\lib\</path>
         <kind>archive</kind>
         <file>rts430_eabi.lib</file>
         <name>exit.obj</name>
      </input_file>
      <input_file id="fl-3b">
         <path>C:\ti\ccsv6\tools\compiler\ti-cgt-msp430_4.4.4\lib\</path>
         <kind>archive</kind>
         <file>rts430_eabi.lib</file>
         <name>exit_gvars.obj</name>
      </input_file>
      <input_file id="fl-3c">
         <path>C:\ti\ccsv6\tools\compiler\ti-cgt-msp430_4.4.4\lib\</path>
         <kind>archive</kind>
         <file>rts430_eabi.lib</file>
         <name>int00.obj</name>
      </input_file>
      <input_file id="fl-3d">
         <path>C:\ti\ccsv6\tools\compiler\ti-cgt-msp430_4.4.4\lib\</path>
         <kind>archive</kind>
         <file>rts430_eabi.lib</file>
         <name>int03.obj</name>
      </input_file>
      <input_file id="fl-3e">
         <path>C:\ti\ccsv6\tools\compiler\ti-cgt-msp430_4.4.4\lib\</path>
         <kind>archive</kind>
         <file>rts430_eabi.lib</file>
         <name>int06.obj</name>
      </input_file>
      <input_file id="fl-3f">
         <path>C:\ti\ccsv6\tools\compiler\ti-cgt-msp430_4.4.4\lib\</path>
         <kind>archive</kind>
         <file>rts430_eabi.lib</file>
         <name>int07.obj</name>
      </input_file>
      <input_file id="fl-40">
         <path>C:\ti\ccsv6\tools\compiler\ti-cgt-msp430_4.4.4\lib\</path>
         <kind>archive</kind>
         <file>rts430_eabi.lib</file>
         <name>int11.obj</name>
      </input_file>
      <input_file id="fl-41">
         <path>C:\ti\ccsv6\tools\compiler\ti-cgt-msp430_4.4.4\lib\</path>
         <kind>archive</kind>
         <file>rts430_eabi.lib</file>
         <name>int12.obj</name>
      </input_file>
      <input_file id="fl-42">
         <path>C:\ti\ccsv6\tools\compiler\ti-cgt-msp430_4.4.4\lib\</path>
         <kind>archive</kind>
         <file>rts430_eabi.lib</file>
         <name>int13.obj</name>
      </input_file>
      <input_file id="fl-43">
         <path>C:\ti\ccsv6\tools\compiler\ti-cgt-msp430_4.4.4\lib\</path>
         <kind>archive</kind>
         <file>rts430_eabi.lib</file>
         <name>int14.obj</name>
      </input_file>
      <input_file id="fl-44">
         <path>C:\ti\ccsv6\tools\compiler\ti-cgt-msp430_4.4.4\lib\</path>
         <kind>archive</kind>
         <file>rts430_eabi.lib</file>
         <name>isr_trap.obj</name>
      </input_file>
      <input_file id="fl-45">
         <path>C:\ti\ccsv6\tools\compiler\ti-cgt-msp430_4.4.4\lib\</path>
         <kind>archive</kind>
         <file>rts430_eabi.lib</file>
         <name>lsl32.obj</name>
      </input_file>
      <input_file id="fl-46">
         <path>C:\ti\ccsv6\tools\compiler\ti-cgt-msp430_4.4.4\lib\</path>
         <kind>archive</kind>
         <file>rts430_eabi.lib</file>
         <name>memcpy.obj</name>
      </input_file>
      <input_file id="fl-47">
         <path>C:\ti\ccsv6\tools\compiler\ti-cgt-msp430_4.4.4\lib\</path>
         <kind>archive</kind>
         <file>rts430_eabi.lib</file>
         <name>mpu_init.obj</name>
      </input_file>
      <input_file id="fl-48">
         <path>C:\ti\ccsv6\tools\compiler\ti-cgt-msp430_4.4.4\lib\</path>
         <kind>archive</kind>
         <file>rts430_eabi.lib</file>
         <name>mult32.obj</name>
      </input_file>
      <input_file id="fl-49">
         <path>C:\ti\ccsv6\tools\compiler\ti-cgt-msp430_4.4.4\lib\</path>
         <kind>archive</kind>
         <file>rts430_eabi.lib</file>
         <name>pre_init.obj</name>
      </input_file>
      <input_file id="fl-4a">
         <path>C:\ti\ccsv6\tools\compiler\ti-cgt-msp430_4.4.4\lib\</path>
         <kind>archive</kind>
         <file>rts430_eabi.lib</file>
         <name>_lock.obj</name>
      </input_file>
      <input_file id="fl-4b">
         <path>C:\ti\ccsv6\tools\compiler\ti-cgt-msp430_4.4.4\lib\</path>
         <kind>archive</kind>
         <file>rts430_eabi.lib</file>
         <name>args_main.obj</name>
      </input_file>
      <input_file id="fl-4c">
         <path>C:\ti\ccsv6\tools\compiler\ti-cgt-msp430_4.4.4\lib\</path>
         <kind>archive</kind>
         <file>rts430_eabi.lib</file>
         <name>autoinit.obj</name>
      </input_file>
   </input_file_list>
   <object_component_list>
      <object_component id="oc-130">
         <name>.common:BitCnt</name>
         <uninitialized>true</uninitialized>
         <run_address>0x22e</run_address>
         <size>0x1</size>
      </object_component>
      <object_component id="oc-131">
         <name>.common:TXByte</name>
         <uninitialized>true</uninitialized>
         <run_address>0x22c</run_address>
         <size>0x2</size>
      </object_component>
      <object_component id="oc-16e">
         <name>.common:tempMeasured</name>
         <uninitialized>true</uninitialized>
         <run_address>0x200</run_address>
         <size>0x20</size>
      </object_component>
      <object_component id="oc-129">
         <name>.common:tempAverage</name>
         <uninitialized>true</uninitialized>
         <run_address>0x220</run_address>
         <size>0x4</size>
      </object_component>
      <object_component id="oc-12c">
         <name>.common:tempCalibrated</name>
         <uninitialized>true</uninitialized>
         <run_address>0x224</run_address>
         <size>0x4</size>
      </object_component>
      <object_component id="oc-18a">
         <name>.common:tempDifference</name>
         <uninitialized>true</uninitialized>
         <run_address>0x228</run_address>
         <size>0x4</size>
      </object_component>
      <object_component id="oc-8c">
         <name>.stack</name>
         <uninitialized>true</uninitialized>
         <run_address>0x3b0</run_address>
         <size>0x2</size>
         <input_file_ref idref="fl-32"/>
      </object_component>
      <object_component id="oc-208">
         <name>.stack</name>
         <uninitialized>true</uninitialized>
         <run_address>0x3b0</run_address>
         <size>0x0</size>
      </object_component>
      <object_component id="oc-f4">
         <name>.text:main</name>
         <load_address>0xc000</load_address>
         <run_address>0xc000</run_address>
         <size>0x17e</size>
         <input_file_ref idref="fl-2"/>
      </object_component>
      <object_component id="oc-9d">
         <name>.text:__TI_decompress_rle_core</name>
         <load_address>0xc17e</load_address>
         <run_address>0xc17e</run_address>
         <size>0x64</size>
         <input_file_ref idref="fl-35"/>
      </object_component>
      <object_component id="oc-c1">
         <name>.text:Timer_A</name>
         <load_address>0xc1e2</load_address>
         <run_address>0xc1e2</run_address>
         <size>0x62</size>
         <input_file_ref idref="fl-2"/>
      </object_component>
      <object_component id="oc-da">
         <name>.text:_auto_init</name>
         <load_address>0xc244</load_address>
         <run_address>0xc244</run_address>
         <size>0x58</size>
         <input_file_ref idref="fl-4c"/>
      </object_component>
      <object_component id="oc-1c3">
         <name>.text</name>
         <load_address>0xc29c</load_address>
         <run_address>0xc29c</run_address>
         <size>0x58</size>
         <input_file_ref idref="fl-38"/>
      </object_component>
      <object_component id="oc-162">
         <name>.text:ConfigureAdcTempSensor</name>
         <load_address>0xc2f4</load_address>
         <run_address>0xc2f4</run_address>
         <size>0x52</size>
         <input_file_ref idref="fl-2"/>
      </object_component>
      <object_component id="oc-185">
         <name>.text</name>
         <load_address>0xc346</load_address>
         <run_address>0xc346</run_address>
         <size>0x40</size>
         <input_file_ref idref="fl-37"/>
      </object_component>
      <object_component id="oc-16f">
         <name>.text:l_asr_const</name>
         <load_address>0xc386</load_address>
         <run_address>0xc386</run_address>
         <size>0x3e</size>
         <input_file_ref idref="fl-31"/>
      </object_component>
      <object_component id="oc-18b">
         <name>.text:l_lsl_const</name>
         <load_address>0xc3c4</load_address>
         <run_address>0xc3c4</run_address>
         <size>0x3e</size>
         <input_file_ref idref="fl-45"/>
      </object_component>
      <object_component id="oc-17a">
         <name>.text:Transmit</name>
         <load_address>0xc402</load_address>
         <run_address>0xc402</run_address>
         <size>0x3c</size>
         <input_file_ref idref="fl-2"/>
      </object_component>
      <object_component id="oc-af">
         <name>.text:PORT1_ISR</name>
         <load_address>0xc43e</load_address>
         <run_address>0xc43e</run_address>
         <size>0x3a</size>
         <input_file_ref idref="fl-2"/>
      </object_component>
      <object_component id="oc-15c">
         <name>.text:PreApplicationMode</name>
         <load_address>0xc478</load_address>
         <run_address>0xc478</run_address>
         <size>0x3a</size>
         <input_file_ref idref="fl-2"/>
      </object_component>
      <object_component id="oc-180">
         <name>.text</name>
         <load_address>0xc4b2</load_address>
         <run_address>0xc4b2</run_address>
         <size>0x26</size>
         <input_file_ref idref="fl-48"/>
      </object_component>
      <object_component id="oc-168">
         <name>.text:ConfigureTimerPwm</name>
         <load_address>0xc4d8</load_address>
         <run_address>0xc4d8</run_address>
         <size>0x22</size>
         <input_file_ref idref="fl-2"/>
      </object_component>
      <object_component id="oc-174">
         <name>.text:ConfigureTimerUart</name>
         <load_address>0xc4fa</load_address>
         <run_address>0xc4fa</run_address>
         <size>0x1a</size>
         <input_file_ref idref="fl-2"/>
      </object_component>
      <object_component id="oc-150">
         <name>.text:InitializeButton</name>
         <load_address>0xc514</load_address>
         <run_address>0xc514</run_address>
         <size>0x1a</size>
         <input_file_ref idref="fl-2"/>
      </object_component>
      <object_component id="oc-68">
         <name>.text:_c_int00_noargs_noexit</name>
         <load_address>0xc52e</load_address>
         <run_address>0xc52e</run_address>
         <size>0x1a</size>
         <input_file_ref idref="fl-33"/>
      </object_component>
      <object_component id="oc-bb">
         <name>.text:ta1_isr</name>
         <load_address>0xc548</load_address>
         <run_address>0xc548</run_address>
         <size>0x1a</size>
         <input_file_ref idref="fl-2"/>
      </object_component>
      <object_component id="oc-14a">
         <name>.text:InitializeClocks</name>
         <load_address>0xc562</load_address>
         <run_address>0xc562</run_address>
         <size>0x14</size>
         <input_file_ref idref="fl-2"/>
      </object_component>
      <object_component id="oc-c7">
         <name>.text:WDT_ISR</name>
         <load_address>0xc576</load_address>
         <run_address>0xc576</run_address>
         <size>0x14</size>
         <input_file_ref idref="fl-2"/>
      </object_component>
      <object_component id="oc-4a">
         <name>.text:decompress:ZI:__TI_zero_init</name>
         <load_address>0xc58a</load_address>
         <run_address>0xc58a</run_address>
         <size>0x14</size>
         <input_file_ref idref="fl-36"/>
      </object_component>
      <object_component id="oc-31">
         <name>.text:decompress:none:__TI_decompress_none</name>
         <load_address>0xc59e</load_address>
         <run_address>0xc59e</run_address>
         <size>0x12</size>
         <input_file_ref idref="fl-34"/>
      </object_component>
      <object_component id="oc-90">
         <name>.text:memcpy</name>
         <load_address>0xc5b0</load_address>
         <run_address>0xc5b0</run_address>
         <size>0x12</size>
         <input_file_ref idref="fl-46"/>
      </object_component>
      <object_component id="oc-11d">
         <name>.text</name>
         <load_address>0xc5c2</load_address>
         <run_address>0xc5c2</run_address>
         <size>0x10</size>
         <input_file_ref idref="fl-39"/>
      </object_component>
      <object_component id="oc-156">
         <name>.text:InitializeLeds</name>
         <load_address>0xc5d2</load_address>
         <run_address>0xc5d2</run_address>
         <size>0xe</size>
         <input_file_ref idref="fl-2"/>
      </object_component>
      <object_component id="oc-b5">
         <name>.text:ADC10_ISR</name>
         <load_address>0xc5e0</load_address>
         <run_address>0xc5e0</run_address>
         <size>0x8</size>
         <input_file_ref idref="fl-2"/>
      </object_component>
      <object_component id="oc-aa">
         <name>.text:_isr:__TI_ISR_TRAP</name>
         <load_address>0xc5e8</load_address>
         <run_address>0xc5e8</run_address>
         <size>0x6</size>
         <input_file_ref idref="fl-44"/>
      </object_component>
      <object_component id="oc-37">
         <name>.text:decompress:rle24:__TI_decompress_rle24</name>
         <load_address>0xc5ee</load_address>
         <run_address>0xc5ee</run_address>
         <size>0x6</size>
         <input_file_ref idref="fl-35"/>
      </object_component>
      <object_component id="oc-d4">
         <name>.text:_system_pre_init</name>
         <load_address>0xc5f4</load_address>
         <run_address>0xc5f4</run_address>
         <size>0x4</size>
         <input_file_ref idref="fl-49"/>
      </object_component>
      <object_component id="oc-fc">
         <name>.text:abort</name>
         <load_address>0xc5f8</load_address>
         <run_address>0xc5f8</run_address>
         <size>0x4</size>
         <input_file_ref idref="fl-3a"/>
      </object_component>
      <object_component id="oc-207">
         <name>.cinit..data.load</name>
         <load_address>0xc5fc</load_address>
         <run_address>0xc5fc</run_address>
         <size>0x9</size>
      </object_component>
      <object_component id="oc-204">
         <name>__TI_handler_table</name>
         <load_address>0xc606</load_address>
         <run_address>0xc606</run_address>
         <size>0x6</size>
      </object_component>
      <object_component id="oc-206">
         <name>.cinit..bss.load</name>
         <load_address>0xc60c</load_address>
         <run_address>0xc60c</run_address>
         <size>0x4</size>
      </object_component>
      <object_component id="oc-205">
         <name>__TI_cinit_table</name>
         <load_address>0xc610</load_address>
         <run_address>0xc610</run_address>
         <size>0x8</size>
      </object_component>
      <object_component id="oc-3d">
         <name>.int00</name>
         <load_address>0xffe0</load_address>
         <run_address>0xffe0</run_address>
         <size>0x2</size>
         <input_file_ref idref="fl-3c"/>
      </object_component>
      <object_component id="oc-3e">
         <name>.int02</name>
         <load_address>0xffe4</load_address>
         <run_address>0xffe4</run_address>
         <size>0x2</size>
         <input_file_ref idref="fl-2"/>
      </object_component>
      <object_component id="oc-3f">
         <name>.int03</name>
         <load_address>0xffe6</load_address>
         <run_address>0xffe6</run_address>
         <size>0x2</size>
         <input_file_ref idref="fl-3d"/>
      </object_component>
      <object_component id="oc-40">
         <name>.int05</name>
         <load_address>0xffea</load_address>
         <run_address>0xffea</run_address>
         <size>0x2</size>
         <input_file_ref idref="fl-2"/>
      </object_component>
      <object_component id="oc-41">
         <name>.int06</name>
         <load_address>0xffec</load_address>
         <run_address>0xffec</run_address>
         <size>0x2</size>
         <input_file_ref idref="fl-3e"/>
      </object_component>
      <object_component id="oc-42">
         <name>.int07</name>
         <load_address>0xffee</load_address>
         <run_address>0xffee</run_address>
         <size>0x2</size>
         <input_file_ref idref="fl-3f"/>
      </object_component>
      <object_component id="oc-43">
         <name>.int08</name>
         <load_address>0xfff0</load_address>
         <run_address>0xfff0</run_address>
         <size>0x2</size>
         <input_file_ref idref="fl-2"/>
      </object_component>
      <object_component id="oc-44">
         <name>.int09</name>
         <load_address>0xfff2</load_address>
         <run_address>0xfff2</run_address>
         <size>0x2</size>
         <input_file_ref idref="fl-2"/>
      </object_component>
      <object_component id="oc-45">
         <name>.int10</name>
         <load_address>0xfff4</load_address>
         <run_address>0xfff4</run_address>
         <size>0x2</size>
         <input_file_ref idref="fl-2"/>
      </object_component>
      <object_component id="oc-46">
         <name>.int11</name>
         <load_address>0xfff6</load_address>
         <run_address>0xfff6</run_address>
         <size>0x2</size>
         <input_file_ref idref="fl-40"/>
      </object_component>
      <object_component id="oc-47">
         <name>.int12</name>
         <load_address>0xfff8</load_address>
         <run_address>0xfff8</run_address>
         <size>0x2</size>
         <input_file_ref idref="fl-41"/>
      </object_component>
      <object_component id="oc-48">
         <name>.int13</name>
         <load_address>0xfffa</load_address>
         <run_address>0xfffa</run_address>
         <size>0x2</size>
         <input_file_ref idref="fl-42"/>
      </object_component>
      <object_component id="oc-49">
         <name>.int14</name>
         <load_address>0xfffc</load_address>
         <run_address>0xfffc</run_address>
         <size>0x2</size>
         <input_file_ref idref="fl-43"/>
      </object_component>
      <object_component id="oc-8f">
         <name>.reset</name>
         <load_address>0xfffe</load_address>
         <run_address>0xfffe</run_address>
         <size>0x2</size>
         <input_file_ref idref="fl-32"/>
      </object_component>
      <object_component id="oc-126">
         <name>.data</name>
         <load_address>0x22f</load_address>
         <run_address>0x22f</run_address>
         <size>0x5</size>
         <input_file_ref idref="fl-2"/>
      </object_component>
      <object_component id="oc-12a">
         <name>.debug_info</name>
         <load_address>0x0</load_address>
         <run_address>0x0</run_address>
         <size>0x5a1</size>
         <input_file_ref idref="fl-2"/>
      </object_component>
      <object_component id="oc-127">
         <name>.debug_info</name>
         <load_address>0x5a1</load_address>
         <run_address>0x5a1</run_address>
         <size>0x1a6</size>
         <input_file_ref idref="fl-2"/>
      </object_component>
      <object_component id="oc-bc">
         <name>.debug_info</name>
         <load_address>0x747</load_address>
         <run_address>0x747</run_address>
         <size>0x116</size>
         <input_file_ref idref="fl-2"/>
      </object_component>
      <object_component id="oc-14b">
         <name>.debug_info</name>
         <load_address>0x85d</load_address>
         <run_address>0x85d</run_address>
         <size>0x121</size>
         <input_file_ref idref="fl-2"/>
      </object_component>
      <object_component id="oc-151">
         <name>.debug_info</name>
         <load_address>0x97e</load_address>
         <run_address>0x97e</run_address>
         <size>0x121</size>
         <input_file_ref idref="fl-2"/>
      </object_component>
      <object_component id="oc-157">
         <name>.debug_info</name>
         <load_address>0xa9f</load_address>
         <run_address>0xa9f</run_address>
         <size>0x11d</size>
         <input_file_ref idref="fl-2"/>
      </object_component>
      <object_component id="oc-15d">
         <name>.debug_info</name>
         <load_address>0xbbc</load_address>
         <run_address>0xbbc</run_address>
         <size>0x123</size>
         <input_file_ref idref="fl-2"/>
      </object_component>
      <object_component id="oc-163">
         <name>.debug_info</name>
         <load_address>0xcdf</load_address>
         <run_address>0xcdf</run_address>
         <size>0x12d</size>
         <input_file_ref idref="fl-2"/>
      </object_component>
      <object_component id="oc-169">
         <name>.debug_info</name>
         <load_address>0xe0c</load_address>
         <run_address>0xe0c</run_address>
         <size>0x123</size>
         <input_file_ref idref="fl-2"/>
      </object_component>
      <object_component id="oc-175">
         <name>.debug_info</name>
         <load_address>0xf2f</load_address>
         <run_address>0xf2f</run_address>
         <size>0x125</size>
         <input_file_ref idref="fl-2"/>
      </object_component>
      <object_component id="oc-17b">
         <name>.debug_info</name>
         <load_address>0x1054</load_address>
         <run_address>0x1054</run_address>
         <size>0x111</size>
         <input_file_ref idref="fl-2"/>
      </object_component>
      <object_component id="oc-f5">
         <name>.debug_info</name>
         <load_address>0x1165</load_address>
         <run_address>0x1165</run_address>
         <size>0x25c</size>
         <input_file_ref idref="fl-2"/>
      </object_component>
      <object_component id="oc-c8">
         <name>.debug_info</name>
         <load_address>0x13c1</load_address>
         <run_address>0x13c1</run_address>
         <size>0x110</size>
         <input_file_ref idref="fl-2"/>
      </object_component>
      <object_component id="oc-c2">
         <name>.debug_info</name>
         <load_address>0x14d1</load_address>
         <run_address>0x14d1</run_address>
         <size>0x11c</size>
         <input_file_ref idref="fl-2"/>
      </object_component>
      <object_component id="oc-b0">
         <name>.debug_info</name>
         <load_address>0x15ed</load_address>
         <run_address>0x15ed</run_address>
         <size>0x11a</size>
         <input_file_ref idref="fl-2"/>
      </object_component>
      <object_component id="oc-b6">
         <name>.debug_info</name>
         <load_address>0x1707</load_address>
         <run_address>0x1707</run_address>
         <size>0x114</size>
         <input_file_ref idref="fl-2"/>
      </object_component>
      <object_component id="oc-10a">
         <name>.debug_info</name>
         <load_address>0x181b</load_address>
         <run_address>0x181b</run_address>
         <size>0x84</size>
         <input_file_ref idref="fl-2"/>
      </object_component>
      <object_component id="oc-170">
         <name>.debug_info</name>
         <load_address>0x189f</load_address>
         <run_address>0x189f</run_address>
         <size>0x105</size>
         <input_file_ref idref="fl-31"/>
      </object_component>
      <object_component id="oc-8d">
         <name>.debug_info</name>
         <load_address>0x19a4</load_address>
         <run_address>0x19a4</run_address>
         <size>0xd8</size>
         <input_file_ref idref="fl-32"/>
      </object_component>
      <object_component id="oc-69">
         <name>.debug_info</name>
         <load_address>0x1a7c</load_address>
         <run_address>0x1a7c</run_address>
         <size>0x179</size>
         <input_file_ref idref="fl-33"/>
      </object_component>
      <object_component id="oc-9c">
         <name>.debug_info</name>
         <load_address>0x1bf5</load_address>
         <run_address>0x1bf5</run_address>
         <size>0x195</size>
         <input_file_ref idref="fl-34"/>
      </object_component>
      <object_component id="oc-33">
         <name>.debug_info</name>
         <load_address>0x1d8a</load_address>
         <run_address>0x1d8a</run_address>
         <size>0x1c2</size>
         <input_file_ref idref="fl-34"/>
      </object_component>
      <object_component id="oc-97">
         <name>.debug_info</name>
         <load_address>0x1f4c</load_address>
         <run_address>0x1f4c</run_address>
         <size>0x46</size>
         <input_file_ref idref="fl-34"/>
      </object_component>
      <object_component id="oc-116">
         <name>.debug_info</name>
         <load_address>0x1f92</load_address>
         <run_address>0x1f92</run_address>
         <size>0x2c</size>
         <input_file_ref idref="fl-34"/>
      </object_component>
      <object_component id="oc-a4">
         <name>.debug_info</name>
         <load_address>0x1fbe</load_address>
         <run_address>0x1fbe</run_address>
         <size>0x157</size>
         <input_file_ref idref="fl-35"/>
      </object_component>
      <object_component id="oc-9e">
         <name>.debug_info</name>
         <load_address>0x2115</load_address>
         <run_address>0x2115</run_address>
         <size>0x21d</size>
         <input_file_ref idref="fl-35"/>
      </object_component>
      <object_component id="oc-38">
         <name>.debug_info</name>
         <load_address>0x2332</load_address>
         <run_address>0x2332</run_address>
         <size>0x194</size>
         <input_file_ref idref="fl-35"/>
      </object_component>
      <object_component id="oc-a5">
         <name>.debug_info</name>
         <load_address>0x24c6</load_address>
         <run_address>0x24c6</run_address>
         <size>0x39</size>
         <input_file_ref idref="fl-35"/>
      </object_component>
      <object_component id="oc-d3">
         <name>.debug_info</name>
         <load_address>0x24ff</load_address>
         <run_address>0x24ff</run_address>
         <size>0x14d</size>
         <input_file_ref idref="fl-36"/>
      </object_component>
      <object_component id="oc-4b">
         <name>.debug_info</name>
         <load_address>0x264c</load_address>
         <run_address>0x264c</run_address>
         <size>0x198</size>
         <input_file_ref idref="fl-36"/>
      </object_component>
      <object_component id="oc-ce">
         <name>.debug_info</name>
         <load_address>0x27e4</load_address>
         <run_address>0x27e4</run_address>
         <size>0x46</size>
         <input_file_ref idref="fl-36"/>
      </object_component>
      <object_component id="oc-111">
         <name>.debug_info</name>
         <load_address>0x282a</load_address>
         <run_address>0x282a</run_address>
         <size>0x2c</size>
         <input_file_ref idref="fl-36"/>
      </object_component>
      <object_component id="oc-186">
         <name>.debug_info</name>
         <load_address>0x2856</load_address>
         <run_address>0x2856</run_address>
         <size>0x117</size>
         <input_file_ref idref="fl-37"/>
      </object_component>
      <object_component id="oc-1c4">
         <name>.debug_info</name>
         <load_address>0x296d</load_address>
         <run_address>0x296d</run_address>
         <size>0x102</size>
         <input_file_ref idref="fl-38"/>
      </object_component>
      <object_component id="oc-11e">
         <name>.debug_info</name>
         <load_address>0x2a6f</load_address>
         <run_address>0x2a6f</run_address>
         <size>0x10d</size>
         <input_file_ref idref="fl-39"/>
      </object_component>
      <object_component id="oc-fd">
         <name>.debug_info</name>
         <load_address>0x2b7c</load_address>
         <run_address>0x2b7c</run_address>
         <size>0xfa</size>
         <input_file_ref idref="fl-3a"/>
      </object_component>
      <object_component id="oc-ab">
         <name>.debug_info</name>
         <load_address>0x2c76</load_address>
         <run_address>0x2c76</run_address>
         <size>0xee</size>
         <input_file_ref idref="fl-44"/>
      </object_component>
      <object_component id="oc-18c">
         <name>.debug_info</name>
         <load_address>0x2d64</load_address>
         <run_address>0x2d64</run_address>
         <size>0x105</size>
         <input_file_ref idref="fl-45"/>
      </object_component>
      <object_component id="oc-110">
         <name>.debug_info</name>
         <load_address>0x2e69</load_address>
         <run_address>0x2e69</run_address>
         <size>0x150</size>
         <input_file_ref idref="fl-46"/>
      </object_component>
      <object_component id="oc-91">
         <name>.debug_info</name>
         <load_address>0x2fb9</load_address>
         <run_address>0x2fb9</run_address>
         <size>0x174</size>
         <input_file_ref idref="fl-46"/>
      </object_component>
      <object_component id="oc-181">
         <name>.debug_info</name>
         <load_address>0x312d</load_address>
         <run_address>0x312d</run_address>
         <size>0x100</size>
         <input_file_ref idref="fl-48"/>
      </object_component>
      <object_component id="oc-d5">
         <name>.debug_info</name>
         <load_address>0x322d</load_address>
         <run_address>0x322d</run_address>
         <size>0x12b</size>
         <input_file_ref idref="fl-49"/>
      </object_component>
      <object_component id="oc-138">
         <name>.debug_info</name>
         <load_address>0x3358</load_address>
         <run_address>0x3358</run_address>
         <size>0x2cc</size>
         <input_file_ref idref="fl-4c"/>
      </object_component>
      <object_component id="oc-db">
         <name>.debug_info</name>
         <load_address>0x3624</load_address>
         <run_address>0x3624</run_address>
         <size>0x17e</size>
         <input_file_ref idref="fl-4c"/>
      </object_component>
      <object_component id="oc-19b">
         <name>.debug_info</name>
         <load_address>0x37a2</load_address>
         <run_address>0x37a2</run_address>
         <size>0x39</size>
         <input_file_ref idref="fl-4c"/>
      </object_component>
      <object_component id="oc-209">
         <name>.debug_info</name>
         <load_address>0x37db</load_address>
         <run_address>0x37db</run_address>
         <size>0xba</size>
      </object_component>
      <object_component id="oc-198">
         <name>.debug_line</name>
         <load_address>0x0</load_address>
         <run_address>0x0</run_address>
         <size>0xa9</size>
         <input_file_ref idref="fl-2"/>
      </object_component>
      <object_component id="oc-196">
         <name>.debug_line</name>
         <load_address>0xa9</load_address>
         <run_address>0xa9</run_address>
         <size>0x2d</size>
         <input_file_ref idref="fl-2"/>
      </object_component>
      <object_component id="oc-bf">
         <name>.debug_line</name>
         <load_address>0xd6</load_address>
         <run_address>0xd6</run_address>
         <size>0x45</size>
         <input_file_ref idref="fl-2"/>
      </object_component>
      <object_component id="oc-14e">
         <name>.debug_line</name>
         <load_address>0x11b</load_address>
         <run_address>0x11b</run_address>
         <size>0x42</size>
         <input_file_ref idref="fl-2"/>
      </object_component>
      <object_component id="oc-154">
         <name>.debug_line</name>
         <load_address>0x15d</load_address>
         <run_address>0x15d</run_address>
         <size>0x45</size>
         <input_file_ref idref="fl-2"/>
      </object_component>
      <object_component id="oc-15a">
         <name>.debug_line</name>
         <load_address>0x1a2</load_address>
         <run_address>0x1a2</run_address>
         <size>0x41</size>
         <input_file_ref idref="fl-2"/>
      </object_component>
      <object_component id="oc-160">
         <name>.debug_line</name>
         <load_address>0x1e3</load_address>
         <run_address>0x1e3</run_address>
         <size>0x49</size>
         <input_file_ref idref="fl-2"/>
      </object_component>
      <object_component id="oc-166">
         <name>.debug_line</name>
         <load_address>0x22c</load_address>
         <run_address>0x22c</run_address>
         <size>0x51</size>
         <input_file_ref idref="fl-2"/>
      </object_component>
      <object_component id="oc-16c">
         <name>.debug_line</name>
         <load_address>0x27d</load_address>
         <run_address>0x27d</run_address>
         <size>0x45</size>
         <input_file_ref idref="fl-2"/>
      </object_component>
      <object_component id="oc-178">
         <name>.debug_line</name>
         <load_address>0x2c2</load_address>
         <run_address>0x2c2</run_address>
         <size>0x44</size>
         <input_file_ref idref="fl-2"/>
      </object_component>
      <object_component id="oc-17e">
         <name>.debug_line</name>
         <load_address>0x306</load_address>
         <run_address>0x306</run_address>
         <size>0x4b</size>
         <input_file_ref idref="fl-2"/>
      </object_component>
      <object_component id="oc-f8">
         <name>.debug_line</name>
         <load_address>0x351</load_address>
         <run_address>0x351</run_address>
         <size>0xb2</size>
         <input_file_ref idref="fl-2"/>
      </object_component>
      <object_component id="oc-cb">
         <name>.debug_line</name>
         <load_address>0x403</load_address>
         <run_address>0x403</run_address>
         <size>0x43</size>
         <input_file_ref idref="fl-2"/>
      </object_component>
      <object_component id="oc-c5">
         <name>.debug_line</name>
         <load_address>0x446</load_address>
         <run_address>0x446</run_address>
         <size>0x61</size>
         <input_file_ref idref="fl-2"/>
      </object_component>
      <object_component id="oc-b3">
         <name>.debug_line</name>
         <load_address>0x4a7</load_address>
         <run_address>0x4a7</run_address>
         <size>0x4b</size>
         <input_file_ref idref="fl-2"/>
      </object_component>
      <object_component id="oc-b9">
         <name>.debug_line</name>
         <load_address>0x4f2</load_address>
         <run_address>0x4f2</run_address>
         <size>0x40</size>
         <input_file_ref idref="fl-2"/>
      </object_component>
      <object_component id="oc-10d">
         <name>.debug_line</name>
         <load_address>0x532</load_address>
         <run_address>0x532</run_address>
         <size>0x20</size>
         <input_file_ref idref="fl-2"/>
      </object_component>
      <object_component id="oc-173">
         <name>.debug_line</name>
         <load_address>0x552</load_address>
         <run_address>0x552</run_address>
         <size>0x56</size>
         <input_file_ref idref="fl-31"/>
      </object_component>
      <object_component id="oc-109">
         <name>.debug_line</name>
         <load_address>0x5a8</load_address>
         <run_address>0x5a8</run_address>
         <size>0x2a</size>
         <input_file_ref idref="fl-32"/>
      </object_component>
      <object_component id="oc-6c">
         <name>.debug_line</name>
         <load_address>0x5d2</load_address>
         <run_address>0x5d2</run_address>
         <size>0x4c</size>
         <input_file_ref idref="fl-33"/>
      </object_component>
      <object_component id="oc-11c">
         <name>.debug_line</name>
         <load_address>0x61e</load_address>
         <run_address>0x61e</run_address>
         <size>0x72</size>
         <input_file_ref idref="fl-34"/>
      </object_component>
      <object_component id="oc-36">
         <name>.debug_line</name>
         <load_address>0x690</load_address>
         <run_address>0x690</run_address>
         <size>0x50</size>
         <input_file_ref idref="fl-34"/>
      </object_component>
      <object_component id="oc-9a">
         <name>.debug_line</name>
         <load_address>0x6e0</load_address>
         <run_address>0x6e0</run_address>
         <size>0x3a</size>
         <input_file_ref idref="fl-34"/>
      </object_component>
      <object_component id="oc-119">
         <name>.debug_line</name>
         <load_address>0x71a</load_address>
         <run_address>0x71a</run_address>
         <size>0x72</size>
         <input_file_ref idref="fl-34"/>
      </object_component>
      <object_component id="oc-124">
         <name>.debug_line</name>
         <load_address>0x78c</load_address>
         <run_address>0x78c</run_address>
         <size>0x20</size>
         <input_file_ref idref="fl-35"/>
      </object_component>
      <object_component id="oc-a1">
         <name>.debug_line</name>
         <load_address>0x7ac</load_address>
         <run_address>0x7ac</run_address>
         <size>0x87</size>
         <input_file_ref idref="fl-35"/>
      </object_component>
      <object_component id="oc-3b">
         <name>.debug_line</name>
         <load_address>0x833</load_address>
         <run_address>0x833</run_address>
         <size>0x49</size>
         <input_file_ref idref="fl-35"/>
      </object_component>
      <object_component id="oc-a8">
         <name>.debug_line</name>
         <load_address>0x87c</load_address>
         <run_address>0x87c</run_address>
         <size>0x39</size>
         <input_file_ref idref="fl-35"/>
      </object_component>
      <object_component id="oc-135">
         <name>.debug_line</name>
         <load_address>0x8b5</load_address>
         <run_address>0x8b5</run_address>
         <size>0x20</size>
         <input_file_ref idref="fl-36"/>
      </object_component>
      <object_component id="oc-4e">
         <name>.debug_line</name>
         <load_address>0x8d5</load_address>
         <run_address>0x8d5</run_address>
         <size>0x4d</size>
         <input_file_ref idref="fl-36"/>
      </object_component>
      <object_component id="oc-d1">
         <name>.debug_line</name>
         <load_address>0x922</load_address>
         <run_address>0x922</run_address>
         <size>0x34</size>
         <input_file_ref idref="fl-36"/>
      </object_component>
      <object_component id="oc-114">
         <name>.debug_line</name>
         <load_address>0x956</load_address>
         <run_address>0x956</run_address>
         <size>0x72</size>
         <input_file_ref idref="fl-36"/>
      </object_component>
      <object_component id="oc-189">
         <name>.debug_line</name>
         <load_address>0x9c8</load_address>
         <run_address>0x9c8</run_address>
         <size>0x5a</size>
         <input_file_ref idref="fl-37"/>
      </object_component>
      <object_component id="oc-1c7">
         <name>.debug_line</name>
         <load_address>0xa22</load_address>
         <run_address>0xa22</run_address>
         <size>0x64</size>
         <input_file_ref idref="fl-38"/>
      </object_component>
      <object_component id="oc-121">
         <name>.debug_line</name>
         <load_address>0xa86</load_address>
         <run_address>0xa86</run_address>
         <size>0x40</size>
         <input_file_ref idref="fl-39"/>
      </object_component>
      <object_component id="oc-100">
         <name>.debug_line</name>
         <load_address>0xac6</load_address>
         <run_address>0xac6</run_address>
         <size>0x3a</size>
         <input_file_ref idref="fl-3a"/>
      </object_component>
      <object_component id="oc-ae">
         <name>.debug_line</name>
         <load_address>0xb00</load_address>
         <run_address>0xb00</run_address>
         <size>0x3c</size>
         <input_file_ref idref="fl-44"/>
      </object_component>
      <object_component id="oc-18f">
         <name>.debug_line</name>
         <load_address>0xb3c</load_address>
         <run_address>0xb3c</run_address>
         <size>0x56</size>
         <input_file_ref idref="fl-45"/>
      </object_component>
      <object_component id="oc-193">
         <name>.debug_line</name>
         <load_address>0xb92</load_address>
         <run_address>0xb92</run_address>
         <size>0x20</size>
         <input_file_ref idref="fl-46"/>
      </object_component>
      <object_component id="oc-94">
         <name>.debug_line</name>
         <load_address>0xbb2</load_address>
         <run_address>0xbb2</run_address>
         <size>0x45</size>
         <input_file_ref idref="fl-46"/>
      </object_component>
      <object_component id="oc-184">
         <name>.debug_line</name>
         <load_address>0xbf7</load_address>
         <run_address>0xbf7</run_address>
         <size>0x4b</size>
         <input_file_ref idref="fl-48"/>
      </object_component>
      <object_component id="oc-d8">
         <name>.debug_line</name>
         <load_address>0xc42</load_address>
         <run_address>0xc42</run_address>
         <size>0x3e</size>
         <input_file_ref idref="fl-49"/>
      </object_component>
      <object_component id="oc-19a">
         <name>.debug_line</name>
         <load_address>0xc80</load_address>
         <run_address>0xc80</run_address>
         <size>0x2e</size>
         <input_file_ref idref="fl-4c"/>
      </object_component>
      <object_component id="oc-de">
         <name>.debug_line</name>
         <load_address>0xcae</load_address>
         <run_address>0xcae</run_address>
         <size>0x7b</size>
         <input_file_ref idref="fl-4c"/>
      </object_component>
      <object_component id="oc-19e">
         <name>.debug_line</name>
         <load_address>0xd29</load_address>
         <run_address>0xd29</run_address>
         <size>0x2e</size>
         <input_file_ref idref="fl-4c"/>
      </object_component>
      <object_component id="oc-c0">
         <name>.debug_frame</name>
         <load_address>0x0</load_address>
         <run_address>0x0</run_address>
         <size>0x4b</size>
         <input_file_ref idref="fl-2"/>
      </object_component>
      <object_component id="oc-14f">
         <name>.debug_frame</name>
         <load_address>0x4b</load_address>
         <run_address>0x4b</run_address>
         <size>0x47</size>
         <input_file_ref idref="fl-2"/>
      </object_component>
      <object_component id="oc-155">
         <name>.debug_frame</name>
         <load_address>0x92</load_address>
         <run_address>0x92</run_address>
         <size>0x47</size>
         <input_file_ref idref="fl-2"/>
      </object_component>
      <object_component id="oc-15b">
         <name>.debug_frame</name>
         <load_address>0xd9</load_address>
         <run_address>0xd9</run_address>
         <size>0x47</size>
         <input_file_ref idref="fl-2"/>
      </object_component>
      <object_component id="oc-161">
         <name>.debug_frame</name>
         <load_address>0x120</load_address>
         <run_address>0x120</run_address>
         <size>0x47</size>
         <input_file_ref idref="fl-2"/>
      </object_component>
      <object_component id="oc-167">
         <name>.debug_frame</name>
         <load_address>0x167</load_address>
         <run_address>0x167</run_address>
         <size>0x47</size>
         <input_file_ref idref="fl-2"/>
      </object_component>
      <object_component id="oc-16d">
         <name>.debug_frame</name>
         <load_address>0x1ae</load_address>
         <run_address>0x1ae</run_address>
         <size>0x47</size>
         <input_file_ref idref="fl-2"/>
      </object_component>
      <object_component id="oc-179">
         <name>.debug_frame</name>
         <load_address>0x1f5</load_address>
         <run_address>0x1f5</run_address>
         <size>0x47</size>
         <input_file_ref idref="fl-2"/>
      </object_component>
      <object_component id="oc-17f">
         <name>.debug_frame</name>
         <load_address>0x23c</load_address>
         <run_address>0x23c</run_address>
         <size>0x47</size>
         <input_file_ref idref="fl-2"/>
      </object_component>
      <object_component id="oc-f9">
         <name>.debug_frame</name>
         <load_address>0x283</load_address>
         <run_address>0x283</run_address>
         <size>0x48</size>
         <input_file_ref idref="fl-2"/>
      </object_component>
      <object_component id="oc-cc">
         <name>.debug_frame</name>
         <load_address>0x2cb</load_address>
         <run_address>0x2cb</run_address>
         <size>0x47</size>
         <input_file_ref idref="fl-2"/>
      </object_component>
      <object_component id="oc-c6">
         <name>.debug_frame</name>
         <load_address>0x312</load_address>
         <run_address>0x312</run_address>
         <size>0x4f</size>
         <input_file_ref idref="fl-2"/>
      </object_component>
      <object_component id="oc-b4">
         <name>.debug_frame</name>
         <load_address>0x361</load_address>
         <run_address>0x361</run_address>
         <size>0x4b</size>
         <input_file_ref idref="fl-2"/>
      </object_component>
      <object_component id="oc-ba">
         <name>.debug_frame</name>
         <load_address>0x3ac</load_address>
         <run_address>0x3ac</run_address>
         <size>0x47</size>
         <input_file_ref idref="fl-2"/>
      </object_component>
      <object_component id="oc-6d">
         <name>.debug_frame</name>
         <load_address>0x3f3</load_address>
         <run_address>0x3f3</run_address>
         <size>0x42</size>
         <input_file_ref idref="fl-33"/>
      </object_component>
      <object_component id="oc-32">
         <name>.debug_frame</name>
         <load_address>0x435</load_address>
         <run_address>0x435</run_address>
         <size>0x47</size>
         <input_file_ref idref="fl-34"/>
      </object_component>
      <object_component id="oc-a2">
         <name>.debug_frame</name>
         <load_address>0x47c</load_address>
         <run_address>0x47c</run_address>
         <size>0x51</size>
         <input_file_ref idref="fl-35"/>
      </object_component>
      <object_component id="oc-3c">
         <name>.debug_frame</name>
         <load_address>0x4cd</load_address>
         <run_address>0x4cd</run_address>
         <size>0x47</size>
         <input_file_ref idref="fl-35"/>
      </object_component>
      <object_component id="oc-4f">
         <name>.debug_frame</name>
         <load_address>0x514</load_address>
         <run_address>0x514</run_address>
         <size>0x47</size>
         <input_file_ref idref="fl-36"/>
      </object_component>
      <object_component id="oc-101">
         <name>.debug_frame</name>
         <load_address>0x55b</load_address>
         <run_address>0x55b</run_address>
         <size>0x47</size>
         <input_file_ref idref="fl-3a"/>
      </object_component>
      <object_component id="oc-95">
         <name>.debug_frame</name>
         <load_address>0x5a2</load_address>
         <run_address>0x5a2</run_address>
         <size>0x47</size>
         <input_file_ref idref="fl-46"/>
      </object_component>
      <object_component id="oc-d9">
         <name>.debug_frame</name>
         <load_address>0x5e9</load_address>
         <run_address>0x5e9</run_address>
         <size>0x47</size>
         <input_file_ref idref="fl-49"/>
      </object_component>
      <object_component id="oc-df">
         <name>.debug_frame</name>
         <load_address>0x630</load_address>
         <run_address>0x630</run_address>
         <size>0x51</size>
         <input_file_ref idref="fl-4c"/>
      </object_component>
      <object_component id="oc-197">
         <name>.debug_abbrev</name>
         <load_address>0x0</load_address>
         <run_address>0x0</run_address>
         <size>0xe3</size>
         <input_file_ref idref="fl-2"/>
      </object_component>
      <object_component id="oc-195">
         <name>.debug_abbrev</name>
         <load_address>0xe3</load_address>
         <run_address>0xe3</run_address>
         <size>0x29</size>
         <input_file_ref idref="fl-2"/>
      </object_component>
      <object_component id="oc-12f">
         <name>.debug_abbrev</name>
         <load_address>0x10c</load_address>
         <run_address>0x10c</run_address>
         <size>0x53</size>
         <input_file_ref idref="fl-2"/>
      </object_component>
      <object_component id="oc-1b9">
         <name>.debug_abbrev</name>
         <load_address>0x15f</load_address>
         <run_address>0x15f</run_address>
         <size>0x50</size>
         <input_file_ref idref="fl-2"/>
      </object_component>
      <object_component id="oc-1ba">
         <name>.debug_abbrev</name>
         <load_address>0x1af</load_address>
         <run_address>0x1af</run_address>
         <size>0x50</size>
         <input_file_ref idref="fl-2"/>
      </object_component>
      <object_component id="oc-1bb">
         <name>.debug_abbrev</name>
         <load_address>0x1ff</load_address>
         <run_address>0x1ff</run_address>
         <size>0x50</size>
         <input_file_ref idref="fl-2"/>
      </object_component>
      <object_component id="oc-1bc">
         <name>.debug_abbrev</name>
         <load_address>0x24f</load_address>
         <run_address>0x24f</run_address>
         <size>0x50</size>
         <input_file_ref idref="fl-2"/>
      </object_component>
      <object_component id="oc-1bd">
         <name>.debug_abbrev</name>
         <load_address>0x29f</load_address>
         <run_address>0x29f</run_address>
         <size>0x50</size>
         <input_file_ref idref="fl-2"/>
      </object_component>
      <object_component id="oc-1be">
         <name>.debug_abbrev</name>
         <load_address>0x2ef</load_address>
         <run_address>0x2ef</run_address>
         <size>0x50</size>
         <input_file_ref idref="fl-2"/>
      </object_component>
      <object_component id="oc-1c0">
         <name>.debug_abbrev</name>
         <load_address>0x33f</load_address>
         <run_address>0x33f</run_address>
         <size>0x50</size>
         <input_file_ref idref="fl-2"/>
      </object_component>
      <object_component id="oc-1c1">
         <name>.debug_abbrev</name>
         <load_address>0x38f</load_address>
         <run_address>0x38f</run_address>
         <size>0x50</size>
         <input_file_ref idref="fl-2"/>
      </object_component>
      <object_component id="oc-190">
         <name>.debug_abbrev</name>
         <load_address>0x3df</load_address>
         <run_address>0x3df</run_address>
         <size>0x60</size>
         <input_file_ref idref="fl-2"/>
      </object_component>
      <object_component id="oc-133">
         <name>.debug_abbrev</name>
         <load_address>0x43f</load_address>
         <run_address>0x43f</run_address>
         <size>0x53</size>
         <input_file_ref idref="fl-2"/>
      </object_component>
      <object_component id="oc-132">
         <name>.debug_abbrev</name>
         <load_address>0x492</load_address>
         <run_address>0x492</run_address>
         <size>0x53</size>
         <input_file_ref idref="fl-2"/>
      </object_component>
      <object_component id="oc-12d">
         <name>.debug_abbrev</name>
         <load_address>0x4e5</load_address>
         <run_address>0x4e5</run_address>
         <size>0x53</size>
         <input_file_ref idref="fl-2"/>
      </object_component>
      <object_component id="oc-12e">
         <name>.debug_abbrev</name>
         <load_address>0x538</load_address>
         <run_address>0x538</run_address>
         <size>0x53</size>
         <input_file_ref idref="fl-2"/>
      </object_component>
      <object_component id="oc-10c">
         <name>.debug_abbrev</name>
         <load_address>0x58b</load_address>
         <run_address>0x58b</run_address>
         <size>0x1f</size>
         <input_file_ref idref="fl-2"/>
      </object_component>
      <object_component id="oc-1bf">
         <name>.debug_abbrev</name>
         <load_address>0x5aa</load_address>
         <run_address>0x5aa</run_address>
         <size>0x3c</size>
         <input_file_ref idref="fl-31"/>
      </object_component>
      <object_component id="oc-108">
         <name>.debug_abbrev</name>
         <load_address>0x5e6</load_address>
         <run_address>0x5e6</run_address>
         <size>0x29</size>
         <input_file_ref idref="fl-32"/>
      </object_component>
      <object_component id="oc-102">
         <name>.debug_abbrev</name>
         <load_address>0x60f</load_address>
         <run_address>0x60f</run_address>
         <size>0x58</size>
         <input_file_ref idref="fl-33"/>
      </object_component>
      <object_component id="oc-11b">
         <name>.debug_abbrev</name>
         <load_address>0x667</load_address>
         <run_address>0x667</run_address>
         <size>0x5d</size>
         <input_file_ref idref="fl-34"/>
      </object_component>
      <object_component id="oc-96">
         <name>.debug_abbrev</name>
         <load_address>0x6c4</load_address>
         <run_address>0x6c4</run_address>
         <size>0x74</size>
         <input_file_ref idref="fl-34"/>
      </object_component>
      <object_component id="oc-99">
         <name>.debug_abbrev</name>
         <load_address>0x738</load_address>
         <run_address>0x738</run_address>
         <size>0x24</size>
         <input_file_ref idref="fl-34"/>
      </object_component>
      <object_component id="oc-118">
         <name>.debug_abbrev</name>
         <load_address>0x75c</load_address>
         <run_address>0x75c</run_address>
         <size>0x24</size>
         <input_file_ref idref="fl-34"/>
      </object_component>
      <object_component id="oc-123">
         <name>.debug_abbrev</name>
         <load_address>0x780</load_address>
         <run_address>0x780</run_address>
         <size>0x37</size>
         <input_file_ref idref="fl-35"/>
      </object_component>
      <object_component id="oc-122">
         <name>.debug_abbrev</name>
         <load_address>0x7b7</load_address>
         <run_address>0x7b7</run_address>
         <size>0x6d</size>
         <input_file_ref idref="fl-35"/>
      </object_component>
      <object_component id="oc-a3">
         <name>.debug_abbrev</name>
         <load_address>0x824</load_address>
         <run_address>0x824</run_address>
         <size>0x66</size>
         <input_file_ref idref="fl-35"/>
      </object_component>
      <object_component id="oc-a7">
         <name>.debug_abbrev</name>
         <load_address>0x88a</load_address>
         <run_address>0x88a</run_address>
         <size>0x24</size>
         <input_file_ref idref="fl-35"/>
      </object_component>
      <object_component id="oc-134">
         <name>.debug_abbrev</name>
         <load_address>0x8ae</load_address>
         <run_address>0x8ae</run_address>
         <size>0x37</size>
         <input_file_ref idref="fl-36"/>
      </object_component>
      <object_component id="oc-cd">
         <name>.debug_abbrev</name>
         <load_address>0x8e5</load_address>
         <run_address>0x8e5</run_address>
         <size>0x6f</size>
         <input_file_ref idref="fl-36"/>
      </object_component>
      <object_component id="oc-d0">
         <name>.debug_abbrev</name>
         <load_address>0x954</load_address>
         <run_address>0x954</run_address>
         <size>0x24</size>
         <input_file_ref idref="fl-36"/>
      </object_component>
      <object_component id="oc-113">
         <name>.debug_abbrev</name>
         <load_address>0x978</load_address>
         <run_address>0x978</run_address>
         <size>0x24</size>
         <input_file_ref idref="fl-36"/>
      </object_component>
      <object_component id="oc-1c8">
         <name>.debug_abbrev</name>
         <load_address>0x99c</load_address>
         <run_address>0x99c</run_address>
         <size>0x4a</size>
         <input_file_ref idref="fl-37"/>
      </object_component>
      <object_component id="oc-1cf">
         <name>.debug_abbrev</name>
         <load_address>0x9e6</load_address>
         <run_address>0x9e6</run_address>
         <size>0x3c</size>
         <input_file_ref idref="fl-38"/>
      </object_component>
      <object_component id="oc-194">
         <name>.debug_abbrev</name>
         <load_address>0xa22</load_address>
         <run_address>0xa22</run_address>
         <size>0x3a</size>
         <input_file_ref idref="fl-39"/>
      </object_component>
      <object_component id="oc-191">
         <name>.debug_abbrev</name>
         <load_address>0xa5c</load_address>
         <run_address>0xa5c</run_address>
         <size>0x45</size>
         <input_file_ref idref="fl-3a"/>
      </object_component>
      <object_component id="oc-125">
         <name>.debug_abbrev</name>
         <load_address>0xaa1</load_address>
         <run_address>0xaa1</run_address>
         <size>0x28</size>
         <input_file_ref idref="fl-44"/>
      </object_component>
      <object_component id="oc-1c9">
         <name>.debug_abbrev</name>
         <load_address>0xac9</load_address>
         <run_address>0xac9</run_address>
         <size>0x3c</size>
         <input_file_ref idref="fl-45"/>
      </object_component>
      <object_component id="oc-192">
         <name>.debug_abbrev</name>
         <load_address>0xb05</load_address>
         <run_address>0xb05</run_address>
         <size>0x3e</size>
         <input_file_ref idref="fl-46"/>
      </object_component>
      <object_component id="oc-10f">
         <name>.debug_abbrev</name>
         <load_address>0xb43</load_address>
         <run_address>0xb43</run_address>
         <size>0x71</size>
         <input_file_ref idref="fl-46"/>
      </object_component>
      <object_component id="oc-1c2">
         <name>.debug_abbrev</name>
         <load_address>0xbb4</load_address>
         <run_address>0xbb4</run_address>
         <size>0x3c</size>
         <input_file_ref idref="fl-48"/>
      </object_component>
      <object_component id="oc-136">
         <name>.debug_abbrev</name>
         <load_address>0xbf0</load_address>
         <run_address>0xbf0</run_address>
         <size>0x55</size>
         <input_file_ref idref="fl-49"/>
      </object_component>
      <object_component id="oc-199">
         <name>.debug_abbrev</name>
         <load_address>0xc45</load_address>
         <run_address>0xc45</run_address>
         <size>0x7b</size>
         <input_file_ref idref="fl-4c"/>
      </object_component>
      <object_component id="oc-137">
         <name>.debug_abbrev</name>
         <load_address>0xcc0</load_address>
         <run_address>0xcc0</run_address>
         <size>0x70</size>
         <input_file_ref idref="fl-4c"/>
      </object_component>
      <object_component id="oc-19d">
         <name>.debug_abbrev</name>
         <load_address>0xd30</load_address>
         <run_address>0xd30</run_address>
         <size>0x24</size>
         <input_file_ref idref="fl-4c"/>
      </object_component>
      <object_component id="oc-20a">
         <name>.debug_abbrev</name>
         <load_address>0xd54</load_address>
         <run_address>0xd54</run_address>
         <size>0xf</size>
      </object_component>
      <object_component id="oc-10e">
         <name>.debug_str</name>
         <load_address>0x0</load_address>
         <run_address>0x0</run_address>
         <size>0xf5</size>
         <input_file_ref idref="fl-2"/>
      </object_component>
      <object_component id="oc-9b">
         <name>.debug_str</name>
         <load_address>0xf5</load_address>
         <run_address>0xf5</run_address>
         <size>0xe3</size>
         <input_file_ref idref="fl-34"/>
      </object_component>
      <object_component id="oc-11a">
         <name>.debug_str</name>
         <load_address>0x1d8</load_address>
         <run_address>0x1d8</run_address>
         <size>0xf8</size>
         <input_file_ref idref="fl-34"/>
      </object_component>
      <object_component id="oc-a9">
         <name>.debug_str</name>
         <load_address>0x2d0</load_address>
         <run_address>0x2d0</run_address>
         <size>0xd5</size>
         <input_file_ref idref="fl-35"/>
      </object_component>
      <object_component id="oc-d2">
         <name>.debug_str</name>
         <load_address>0x3a5</load_address>
         <run_address>0x3a5</run_address>
         <size>0xdd</size>
         <input_file_ref idref="fl-36"/>
      </object_component>
      <object_component id="oc-115">
         <name>.debug_str</name>
         <load_address>0x482</load_address>
         <run_address>0x482</run_address>
         <size>0xf8</size>
         <input_file_ref idref="fl-36"/>
      </object_component>
      <object_component id="oc-19f">
         <name>.debug_str</name>
         <load_address>0x57a</load_address>
         <run_address>0x57a</run_address>
         <size>0xc5</size>
         <input_file_ref idref="fl-4c"/>
      </object_component>
      <object_component id="oc-bd">
         <name>.debug_aranges</name>
         <load_address>0x0</load_address>
         <run_address>0x0</run_address>
         <size>0x20</size>
         <input_file_ref idref="fl-2"/>
      </object_component>
      <object_component id="oc-14c">
         <name>.debug_aranges</name>
         <load_address>0x20</load_address>
         <run_address>0x20</run_address>
         <size>0x20</size>
         <input_file_ref idref="fl-2"/>
      </object_component>
      <object_component id="oc-152">
         <name>.debug_aranges</name>
         <load_address>0x40</load_address>
         <run_address>0x40</run_address>
         <size>0x20</size>
         <input_file_ref idref="fl-2"/>
      </object_component>
      <object_component id="oc-158">
         <name>.debug_aranges</name>
         <load_address>0x60</load_address>
         <run_address>0x60</run_address>
         <size>0x20</size>
         <input_file_ref idref="fl-2"/>
      </object_component>
      <object_component id="oc-15e">
         <name>.debug_aranges</name>
         <load_address>0x80</load_address>
         <run_address>0x80</run_address>
         <size>0x20</size>
         <input_file_ref idref="fl-2"/>
      </object_component>
      <object_component id="oc-164">
         <name>.debug_aranges</name>
         <load_address>0xa0</load_address>
         <run_address>0xa0</run_address>
         <size>0x20</size>
         <input_file_ref idref="fl-2"/>
      </object_component>
      <object_component id="oc-16a">
         <name>.debug_aranges</name>
         <load_address>0xc0</load_address>
         <run_address>0xc0</run_address>
         <size>0x20</size>
         <input_file_ref idref="fl-2"/>
      </object_component>
      <object_component id="oc-176">
         <name>.debug_aranges</name>
         <load_address>0xe0</load_address>
         <run_address>0xe0</run_address>
         <size>0x20</size>
         <input_file_ref idref="fl-2"/>
      </object_component>
      <object_component id="oc-17c">
         <name>.debug_aranges</name>
         <load_address>0x100</load_address>
         <run_address>0x100</run_address>
         <size>0x20</size>
         <input_file_ref idref="fl-2"/>
      </object_component>
      <object_component id="oc-f6">
         <name>.debug_aranges</name>
         <load_address>0x120</load_address>
         <run_address>0x120</run_address>
         <size>0x20</size>
         <input_file_ref idref="fl-2"/>
      </object_component>
      <object_component id="oc-c9">
         <name>.debug_aranges</name>
         <load_address>0x140</load_address>
         <run_address>0x140</run_address>
         <size>0x20</size>
         <input_file_ref idref="fl-2"/>
      </object_component>
      <object_component id="oc-c3">
         <name>.debug_aranges</name>
         <load_address>0x160</load_address>
         <run_address>0x160</run_address>
         <size>0x20</size>
         <input_file_ref idref="fl-2"/>
      </object_component>
      <object_component id="oc-b1">
         <name>.debug_aranges</name>
         <load_address>0x180</load_address>
         <run_address>0x180</run_address>
         <size>0x20</size>
         <input_file_ref idref="fl-2"/>
      </object_component>
      <object_component id="oc-b7">
         <name>.debug_aranges</name>
         <load_address>0x1a0</load_address>
         <run_address>0x1a0</run_address>
         <size>0x20</size>
         <input_file_ref idref="fl-2"/>
      </object_component>
      <object_component id="oc-171">
         <name>.debug_aranges</name>
         <load_address>0x1c0</load_address>
         <run_address>0x1c0</run_address>
         <size>0x20</size>
         <input_file_ref idref="fl-31"/>
      </object_component>
      <object_component id="oc-6a">
         <name>.debug_aranges</name>
         <load_address>0x1e0</load_address>
         <run_address>0x1e0</run_address>
         <size>0x20</size>
         <input_file_ref idref="fl-33"/>
      </object_component>
      <object_component id="oc-34">
         <name>.debug_aranges</name>
         <load_address>0x200</load_address>
         <run_address>0x200</run_address>
         <size>0x20</size>
         <input_file_ref idref="fl-34"/>
      </object_component>
      <object_component id="oc-9f">
         <name>.debug_aranges</name>
         <load_address>0x220</load_address>
         <run_address>0x220</run_address>
         <size>0x20</size>
         <input_file_ref idref="fl-35"/>
      </object_component>
      <object_component id="oc-39">
         <name>.debug_aranges</name>
         <load_address>0x240</load_address>
         <run_address>0x240</run_address>
         <size>0x20</size>
         <input_file_ref idref="fl-35"/>
      </object_component>
      <object_component id="oc-4c">
         <name>.debug_aranges</name>
         <load_address>0x260</load_address>
         <run_address>0x260</run_address>
         <size>0x20</size>
         <input_file_ref idref="fl-36"/>
      </object_component>
      <object_component id="oc-187">
         <name>.debug_aranges</name>
         <load_address>0x280</load_address>
         <run_address>0x280</run_address>
         <size>0x20</size>
         <input_file_ref idref="fl-37"/>
      </object_component>
      <object_component id="oc-1c5">
         <name>.debug_aranges</name>
         <load_address>0x2a0</load_address>
         <run_address>0x2a0</run_address>
         <size>0x20</size>
         <input_file_ref idref="fl-38"/>
      </object_component>
      <object_component id="oc-11f">
         <name>.debug_aranges</name>
         <load_address>0x2c0</load_address>
         <run_address>0x2c0</run_address>
         <size>0x20</size>
         <input_file_ref idref="fl-39"/>
      </object_component>
      <object_component id="oc-fe">
         <name>.debug_aranges</name>
         <load_address>0x2e0</load_address>
         <run_address>0x2e0</run_address>
         <size>0x20</size>
         <input_file_ref idref="fl-3a"/>
      </object_component>
      <object_component id="oc-ac">
         <name>.debug_aranges</name>
         <load_address>0x300</load_address>
         <run_address>0x300</run_address>
         <size>0x20</size>
         <input_file_ref idref="fl-44"/>
      </object_component>
      <object_component id="oc-18d">
         <name>.debug_aranges</name>
         <load_address>0x320</load_address>
         <run_address>0x320</run_address>
         <size>0x20</size>
         <input_file_ref idref="fl-45"/>
      </object_component>
      <object_component id="oc-92">
         <name>.debug_aranges</name>
         <load_address>0x340</load_address>
         <run_address>0x340</run_address>
         <size>0x20</size>
         <input_file_ref idref="fl-46"/>
      </object_component>
      <object_component id="oc-182">
         <name>.debug_aranges</name>
         <load_address>0x360</load_address>
         <run_address>0x360</run_address>
         <size>0x20</size>
         <input_file_ref idref="fl-48"/>
      </object_component>
      <object_component id="oc-d6">
         <name>.debug_aranges</name>
         <load_address>0x380</load_address>
         <run_address>0x380</run_address>
         <size>0x20</size>
         <input_file_ref idref="fl-49"/>
      </object_component>
      <object_component id="oc-dc">
         <name>.debug_aranges</name>
         <load_address>0x3a0</load_address>
         <run_address>0x3a0</run_address>
         <size>0x20</size>
         <input_file_ref idref="fl-4c"/>
      </object_component>
      <object_component id="oc-12b">
         <name>.debug_pubnames</name>
         <load_address>0x0</load_address>
         <run_address>0x0</run_address>
         <size>0x7c</size>
         <input_file_ref idref="fl-2"/>
      </object_component>
      <object_component id="oc-128">
         <name>.debug_pubnames</name>
         <load_address>0x7c</load_address>
         <run_address>0x7c</run_address>
         <size>0x72</size>
         <input_file_ref idref="fl-2"/>
      </object_component>
      <object_component id="oc-be">
         <name>.debug_pubnames</name>
         <load_address>0xee</load_address>
         <run_address>0xee</run_address>
         <size>0x1e</size>
         <input_file_ref idref="fl-2"/>
      </object_component>
      <object_component id="oc-14d">
         <name>.debug_pubnames</name>
         <load_address>0x10c</load_address>
         <run_address>0x10c</run_address>
         <size>0x27</size>
         <input_file_ref idref="fl-2"/>
      </object_component>
      <object_component id="oc-153">
         <name>.debug_pubnames</name>
         <load_address>0x133</load_address>
         <run_address>0x133</run_address>
         <size>0x27</size>
         <input_file_ref idref="fl-2"/>
      </object_component>
      <object_component id="oc-159">
         <name>.debug_pubnames</name>
         <load_address>0x15a</load_address>
         <run_address>0x15a</run_address>
         <size>0x25</size>
         <input_file_ref idref="fl-2"/>
      </object_component>
      <object_component id="oc-15f">
         <name>.debug_pubnames</name>
         <load_address>0x17f</load_address>
         <run_address>0x17f</run_address>
         <size>0x29</size>
         <input_file_ref idref="fl-2"/>
      </object_component>
      <object_component id="oc-165">
         <name>.debug_pubnames</name>
         <load_address>0x1a8</load_address>
         <run_address>0x1a8</run_address>
         <size>0x2d</size>
         <input_file_ref idref="fl-2"/>
      </object_component>
      <object_component id="oc-16b">
         <name>.debug_pubnames</name>
         <load_address>0x1d5</load_address>
         <run_address>0x1d5</run_address>
         <size>0x28</size>
         <input_file_ref idref="fl-2"/>
      </object_component>
      <object_component id="oc-177">
         <name>.debug_pubnames</name>
         <load_address>0x1fd</load_address>
         <run_address>0x1fd</run_address>
         <size>0x29</size>
         <input_file_ref idref="fl-2"/>
      </object_component>
      <object_component id="oc-17d">
         <name>.debug_pubnames</name>
         <load_address>0x226</load_address>
         <run_address>0x226</run_address>
         <size>0x1f</size>
         <input_file_ref idref="fl-2"/>
      </object_component>
      <object_component id="oc-f7">
         <name>.debug_pubnames</name>
         <load_address>0x245</load_address>
         <run_address>0x245</run_address>
         <size>0x1b</size>
         <input_file_ref idref="fl-2"/>
      </object_component>
      <object_component id="oc-ca">
         <name>.debug_pubnames</name>
         <load_address>0x260</load_address>
         <run_address>0x260</run_address>
         <size>0x1e</size>
         <input_file_ref idref="fl-2"/>
      </object_component>
      <object_component id="oc-c4">
         <name>.debug_pubnames</name>
         <load_address>0x27e</load_address>
         <run_address>0x27e</run_address>
         <size>0x1e</size>
         <input_file_ref idref="fl-2"/>
      </object_component>
      <object_component id="oc-b2">
         <name>.debug_pubnames</name>
         <load_address>0x29c</load_address>
         <run_address>0x29c</run_address>
         <size>0x20</size>
         <input_file_ref idref="fl-2"/>
      </object_component>
      <object_component id="oc-b8">
         <name>.debug_pubnames</name>
         <load_address>0x2bc</load_address>
         <run_address>0x2bc</run_address>
         <size>0x20</size>
         <input_file_ref idref="fl-2"/>
      </object_component>
      <object_component id="oc-172">
         <name>.debug_pubnames</name>
         <load_address>0x2dc</load_address>
         <run_address>0x2dc</run_address>
         <size>0x27</size>
         <input_file_ref idref="fl-31"/>
      </object_component>
      <object_component id="oc-8e">
         <name>.debug_pubnames</name>
         <load_address>0x303</load_address>
         <run_address>0x303</run_address>
         <size>0x1d</size>
         <input_file_ref idref="fl-32"/>
      </object_component>
      <object_component id="oc-6b">
         <name>.debug_pubnames</name>
         <load_address>0x320</load_address>
         <run_address>0x320</run_address>
         <size>0x2d</size>
         <input_file_ref idref="fl-33"/>
      </object_component>
      <object_component id="oc-35">
         <name>.debug_pubnames</name>
         <load_address>0x34d</load_address>
         <run_address>0x34d</run_address>
         <size>0x2b</size>
         <input_file_ref idref="fl-34"/>
      </object_component>
      <object_component id="oc-a0">
         <name>.debug_pubnames</name>
         <load_address>0x378</load_address>
         <run_address>0x378</run_address>
         <size>0x2f</size>
         <input_file_ref idref="fl-35"/>
      </object_component>
      <object_component id="oc-3a">
         <name>.debug_pubnames</name>
         <load_address>0x3a7</load_address>
         <run_address>0x3a7</run_address>
         <size>0x2c</size>
         <input_file_ref idref="fl-35"/>
      </object_component>
      <object_component id="oc-4d">
         <name>.debug_pubnames</name>
         <load_address>0x3d3</load_address>
         <run_address>0x3d3</run_address>
         <size>0x25</size>
         <input_file_ref idref="fl-36"/>
      </object_component>
      <object_component id="oc-188">
         <name>.debug_pubnames</name>
         <load_address>0x3f8</load_address>
         <run_address>0x3f8</run_address>
         <size>0x25</size>
         <input_file_ref idref="fl-37"/>
      </object_component>
      <object_component id="oc-1c6">
         <name>.debug_pubnames</name>
         <load_address>0x41d</load_address>
         <run_address>0x41d</run_address>
         <size>0x25</size>
         <input_file_ref idref="fl-38"/>
      </object_component>
      <object_component id="oc-120">
         <name>.debug_pubnames</name>
         <load_address>0x442</load_address>
         <run_address>0x442</run_address>
         <size>0x2b</size>
         <input_file_ref idref="fl-39"/>
      </object_component>
      <object_component id="oc-ff">
         <name>.debug_pubnames</name>
         <load_address>0x46d</load_address>
         <run_address>0x46d</run_address>
         <size>0x1c</size>
         <input_file_ref idref="fl-3a"/>
      </object_component>
      <object_component id="oc-ad">
         <name>.debug_pubnames</name>
         <load_address>0x489</load_address>
         <run_address>0x489</run_address>
         <size>0x2b</size>
         <input_file_ref idref="fl-44"/>
      </object_component>
      <object_component id="oc-18e">
         <name>.debug_pubnames</name>
         <load_address>0x4b4</load_address>
         <run_address>0x4b4</run_address>
         <size>0x27</size>
[...]
         <value>0x60</value>
      </symbol>
      <symbol id="sm-41">
         <name>UCA0CTL1</name>
         <value>0x61</value>
      </symbol>
      <symbol id="sm-42">
         <name>UCA0BR0</name>
         <value>0x62</value>
      </symbol>
      <symbol id="sm-43">
         <name>UCA0BR1</name>
         <value>0x63</value>
      </symbol>
      <symbol id="sm-44">
         <name>UCA0MCTL</name>
         <value>0x64</value>
      </symbol>
      <symbol id="sm-45">
         <name>UCA0STAT</name>
         <value>0x65</value>
      </symbol>
      <symbol id="sm-46">
         <name>UCA0RXBUF</name>
         <value>0x66</value>
      </symbol>
      <symbol id="sm-47">
         <name>UCA0TXBUF</name>
         <value>0x67</value>
      </symbol>
      <symbol id="sm-48">
         <name>UCA0ABCTL</name>
         <value>0x5d</value>
      </symbol>
      <symbol id="sm-49">
         <name>UCA0IRTCTL</name>
         <value>0x5e</value>
      </symbol>
      <symbol id="sm-4a">
         <name>UCA0IRRCTL</name>
         <value>0x5f</value>
      </symbol>
      <symbol id="sm-4b">
         <name>UCB0CTL0</name>
         <value>0x68</value>
      </symbol>
      <symbol id="sm-4c">
         <name>UCB0CTL1</name>
         <value>0x69</value>
      </symbol>
      <symbol id="sm-4d">
         <name>UCB0BR0</name>
         <value>0x6a</value>
      </symbol>
      <symbol id="sm-4e">
         <name>UCB0BR1</name>
         <value>0x6b</value>
      </symbol>
      <symbol id="sm-4f">
         <name>UCB0I2CIE</name>
         <value>0x6c</value>
      </symbol>
      <symbol id="sm-50">
         <name>UCB0STAT</name>
         <value>0x6d</value>
      </symbol>
      <symbol id="sm-51">
         <name>UCB0RXBUF</name>
         <value>0x6e</value>
      </symbol>
      <symbol id="sm-52">
         <name>UCB0TXBUF</name>
         <value>0x6f</value>
      </symbol>
      <symbol id="sm-53">
         <name>UCB0I2COA</name>
         <value>0x118</value>
      </symbol>
      <symbol id="sm-54">
         <name>UCB0I2CSA</name>
         <value>0x11a</value>
      </symbol>
      <symbol id="sm-55">
         <name>WDTCTL</name>
         <value>0x120</value>
      </symbol>
      <symbol id="sm-56">
         <name>CALDCO_16MHZ</name>
         <value>0x10f8</value>
      </symbol>
      <symbol id="sm-57">
         <name>CALBC1_16MHZ</name>
         <value>0x10f9</value>
      </symbol>
      <symbol id="sm-58">
         <name>CALDCO_12MHZ</name>
         <value>0x10fa</value>
      </symbol>
      <symbol id="sm-59">
         <name>CALBC1_12MHZ</name>
         <value>0x10fb</value>
      </symbol>
      <symbol id="sm-5a">
         <name>CALDCO_8MHZ</name>
         <value>0x10fc</value>
      </symbol>
      <symbol id="sm-5b">
         <name>CALBC1_8MHZ</name>
         <value>0x10fd</value>
      </symbol>
      <symbol id="sm-5c">
         <name>CALDCO_1MHZ</name>
         <value>0x10fe</value>
      </symbol>
      <symbol id="sm-5d">
         <name>CALBC1_1MHZ</name>
         <value>0x10ff</value>
      </symbol>
      <symbol id="sm-5e">
         <name>TLV_CHECKSUM</name>
         <value>0x10c0</value>
      </symbol>
      <symbol id="sm-5f">
         <name>TLV_DCO_30_TAG</name>
         <value>0x10f6</value>
      </symbol>
      <symbol id="sm-60">
         <name>TLV_DCO_30_LEN</name>
         <value>0x10f7</value>
      </symbol>
      <symbol id="sm-61">
         <name>TLV_ADC10_1_TAG</name>
         <value>0x10da</value>
      </symbol>
      <symbol id="sm-62">
         <name>TLV_ADC10_1_LEN</name>
         <value>0x10db</value>
      </symbol>
      <symbol id="sm-63">
         <name>__TI_CINIT_Base</name>
         <value>0xc610</value>
      </symbol>
      <symbol id="sm-64">
         <name>__TI_CINIT_Limit</name>
         <value>0xc618</value>
      </symbol>
      <symbol id="sm-65">
         <name>__TI_Handler_Table_Base</name>
         <value>0xc606</value>
      </symbol>
      <symbol id="sm-66">
         <name>__TI_Handler_Table_Limit</name>
         <value>0xc60c</value>
      </symbol>
      <symbol id="sm-67">
         <name>binit</name>
         <value>0xffffffff</value>
      </symbol>
      <symbol id="sm-68">
         <name>__binit__</name>
         <value>0xffffffff</value>
      </symbol>
      <symbol id="sm-69">
         <name>__STACK_SIZE</name>
         <value>0x50</value>
      </symbol>
      <symbol id="sm-6a">
         <name>__STACK_END</name>
         <value>0x400</value>
      </symbol>
      <symbol id="sm-6b">
         <name>__c_args__</name>
         <value>0xffffffff</value>
      </symbol>
      <symbol id="sm-125">
         <name>BitCnt</name>
         <value>0x22e</value>
      </symbol>
      <symbol id="sm-126">
         <name>TXByte</name>
         <value>0x22c</value>
      </symbol>
      <symbol id="sm-127">
         <name>tempMeasured</name>
         <value>0x200</value>
      </symbol>
      <symbol id="sm-128">
         <name>tempAverage</name>
         <value>0x220</value>
      </symbol>
      <symbol id="sm-129">
         <name>tempCalibrated</name>
         <value>0x224</value>
      </symbol>
      <symbol id="sm-12a">
         <name>tempDifference</name>
         <value>0x228</value>
      </symbol>
      <symbol id="sm-12b">
         <name>WDT_ISR</name>
         <value>0xc576</value>
         <object_component_ref idref="oc-c7"/>
      </symbol>
      <symbol id="sm-12c">
         <name>ConfigureTimerUart</name>
         <value>0xc4fa</value>
         <object_component_ref idref="oc-174"/>
      </symbol>
      <symbol id="sm-12d">
         <name>ta1_isr</name>
         <value>0xc548</value>
         <object_component_ref idref="oc-bb"/>
      </symbol>
      <symbol id="sm-12e">
         <name>calibrateUpdate</name>
         <value>0x231</value>
         <object_component_ref idref="oc-126"/>
      </symbol>
      <symbol id="sm-12f">
         <name>Transmit</name>
         <value>0xc402</value>
         <object_component_ref idref="oc-17a"/>
      </symbol>
      <symbol id="sm-130">
         <name>ADC10_ISR</name>
         <value>0xc5e0</value>
         <object_component_ref idref="oc-b5"/>
      </symbol>
      <symbol id="sm-131">
         <name>__TI_int08</name>
         <value>0xfff0</value>
         <object_component_ref idref="oc-43"/>
      </symbol>
      <symbol id="sm-132">
         <name>__TI_int09</name>
         <value>0xfff2</value>
         <object_component_ref idref="oc-44"/>
      </symbol>
      <symbol id="sm-133">
         <name>__TI_int05</name>
         <value>0xffea</value>
         <object_component_ref idref="oc-40"/>
      </symbol>
      <symbol id="sm-134">
         <name>__TI_int02</name>
         <value>0xffe4</value>
         <object_component_ref idref="oc-3e"/>
      </symbol>
      <symbol id="sm-135">
         <name>tempMeasuredPosition</name>
         <value>0x233</value>
         <object_component_ref idref="oc-126"/>
      </symbol>
      <symbol id="sm-136">
         <name>__TI_int10</name>
         <value>0xfff4</value>
         <object_component_ref idref="oc-45"/>
      </symbol>
      <symbol id="sm-137">
         <name>InitializeLeds</name>
         <value>0xc5d2</value>
         <object_component_ref idref="oc-156"/>
      </symbol>
      <symbol id="sm-138">
         <name>PORT1_ISR</name>
         <value>0xc43e</value>
         <object_component_ref idref="oc-af"/>
      </symbol>
      <symbol id="sm-139">
         <name>timerMode</name>
         <value>0x230</value>
         <object_component_ref idref="oc-126"/>
      </symbol>
      <symbol id="sm-13a">
         <name>InitializeButton</name>
         <value>0xc514</value>
         <object_component_ref idref="oc-150"/>
      </symbol>
      <symbol id="sm-13b">
         <name>InitializeClocks</name>
         <value>0xc562</value>
         <object_component_ref idref="oc-14a"/>
      </symbol>
      <symbol id="sm-13c">
         <name>ConfigureAdcTempSensor</name>
         <value>0xc2f4</value>
         <object_component_ref idref="oc-162"/>
      </symbol>
      <symbol id="sm-13d">
         <name>main</name>
         <value>0xc000</value>
         <object_component_ref idref="oc-f4"/>
      </symbol>
      <symbol id="sm-13e">
         <name>ConfigureTimerPwm</name>
         <value>0xc4d8</value>
         <object_component_ref idref="oc-168"/>
      </symbol>
      <symbol id="sm-13f">
         <name>PreApplicationMode</name>
         <value>0xc478</value>
         <object_component_ref idref="oc-15c"/>
      </symbol>
      <symbol id="sm-140">
         <name>applicationMode</name>
         <value>0x22f</value>
         <object_component_ref idref="oc-126"/>
      </symbol>
      <symbol id="sm-141">
         <name>tempPolarity</name>
         <value>0x232</value>
         <object_component_ref idref="oc-126"/>
      </symbol>
      <symbol id="sm-142">
         <name>Timer_A</name>
         <value>0xc1e2</value>
         <object_component_ref idref="oc-c1"/>
      </symbol>
      <symbol id="sm-14a">
         <name>__mspabi_sral_15</name>
         <value>0xc386</value>
         <object_component_ref idref="oc-16f"/>
      </symbol>
      <symbol id="sm-14b">
         <name>__mspabi_sral_14</name>
         <value>0xc38a</value>
         <object_component_ref idref="oc-16f"/>
      </symbol>
      <symbol id="sm-14c">
         <name>__mspabi_sral_13</name>
         <value>0xc38e</value>
         <object_component_ref idref="oc-16f"/>
      </symbol>
      <symbol id="sm-14d">
         <name>__mspabi_sral_12</name>
         <value>0xc392</value>
         <object_component_ref idref="oc-16f"/>
      </symbol>
      <symbol id="sm-14e">
         <name>__mspabi_sral_11</name>
         <value>0xc396</value>
         <object_component_ref idref="oc-16f"/>
      </symbol>
      <symbol id="sm-14f">
         <name>__mspabi_sral_10</name>
         <value>0xc39a</value>
         <object_component_ref idref="oc-16f"/>
      </symbol>
      <symbol id="sm-150">
         <name>__mspabi_sral_8</name>
         <value>0xc3a2</value>
         <object_component_ref idref="oc-16f"/>
      </symbol>
      <symbol id="sm-151">
         <name>__mspabi_sral_9</name>
         <value>0xc39e</value>
         <object_component_ref idref="oc-16f"/>
      </symbol>
      <symbol id="sm-152">
         <name>__mspabi_sral_6</name>
         <value>0xc3aa</value>
         <object_component_ref idref="oc-16f"/>
      </symbol>
      <symbol id="sm-153">
         <name>__mspabi_sral_7</name>
         <value>0xc3a6</value>
         <object_component_ref idref="oc-16f"/>
      </symbol>
      <symbol id="sm-154">
         <name>__mspabi_sral_4</name>
         <value>0xc3b2</value>
         <object_component_ref idref="oc-16f"/>
      </symbol>
      <symbol id="sm-155">
         <name>__mspabi_sral_5</name>
         <value>0xc3ae</value>
         <object_component_ref idref="oc-16f"/>
      </symbol>
      <symbol id="sm-156">
         <name>__mspabi_sral_2</name>
         <value>0xc3ba</value>
         <object_component_ref idref="oc-16f"/>
      </symbol>
      <symbol id="sm-157">
         <name>__mspabi_sral_3</name>
         <value>0xc3b6</value>
         <object_component_ref idref="oc-16f"/>
      </symbol>
      <symbol id="sm-158">
         <name>__mspabi_sral_1</name>
         <value>0xc3be</value>
         <object_component_ref idref="oc-16f"/>
      </symbol>
      <symbol id="sm-161">
         <name>_stack</name>
         <value>0x3b0</value>
         <object_component_ref idref="oc-8c"/>
      </symbol>
      <symbol id="sm-162">
         <name>_reset_vector</name>
         <value>0xfffe</value>
         <object_component_ref idref="oc-8f"/>
      </symbol>
      <symbol id="sm-16d">
         <name>_c_int00_noargs_noexit</name>
         <value>0xc52e</value>
         <object_component_ref idref="oc-68"/>
      </symbol>
      <symbol id="sm-183">
         <name>__TI_decompress_none</name>
         <value>0xc59e</value>
         <object_component_ref idref="oc-31"/>
      </symbol>
      <symbol id="sm-1a5">
         <name>__TI_decompress_rle24</name>
         <value>0xc5ee</value>
         <object_component_ref idref="oc-37"/>
      </symbol>
      <symbol id="sm-1bd">
         <name>__TI_zero_init</name>
         <value>0xc58a</value>
         <object_component_ref idref="oc-4a"/>
      </symbol>
      <symbol id="sm-1ca">
         <name>__mspabi_remli</name>
         <value>0xc346</value>
         <object_component_ref idref="oc-185"/>
      </symbol>
      <symbol id="sm-1cb">
         <name>__mspabi_divli</name>
         <value>0xc346</value>
         <object_component_ref idref="oc-185"/>
      </symbol>
      <symbol id="sm-1da">
         <name>__mspabi_remul</name>
         <value>0xc29c</value>
         <object_component_ref idref="oc-1c3"/>
      </symbol>
      <symbol id="sm-1db">
         <name>__mspabi_divul</name>
         <value>0xc29c</value>
         <object_component_ref idref="oc-1c3"/>
      </symbol>
      <symbol id="sm-1e4">
         <name>__mspabi_func_epilog_2</name>
         <value>0xc5cc</value>
         <object_component_ref idref="oc-11d"/>
      </symbol>
      <symbol id="sm-1e5">
         <name>__mspabi_func_epilog_3</name>
         <value>0xc5ca</value>
         <object_component_ref idref="oc-11d"/>
      </symbol>
      <symbol id="sm-1e6">
         <name>__mspabi_func_epilog_1</name>
         <value>0xc5ce</value>
         <object_component_ref idref="oc-11d"/>
      </symbol>
      <symbol id="sm-1e7">
         <name>__mspabi_func_epilog_6</name>
         <value>0xc5c4</value>
         <object_component_ref idref="oc-11d"/>
      </symbol>
      <symbol id="sm-1e8">
         <name>__mspabi_func_epilog_7</name>
         <value>0xc5c2</value>
         <object_component_ref idref="oc-11d"/>
      </symbol>
      <symbol id="sm-1e9">
         <name>__mspabi_func_epilog_4</name>
         <value>0xc5c8</value>
         <object_component_ref idref="oc-11d"/>
      </symbol>
      <symbol id="sm-1ea">
         <name>__mspabi_func_epilog_5</name>
         <value>0xc5c6</value>
         <object_component_ref idref="oc-11d"/>
      </symbol>
      <symbol id="sm-1f5">
         <name>C$$EXIT</name>
         <value>0xc5f8</value>
         <object_component_ref idref="oc-fc"/>
      </symbol>
      <symbol id="sm-1f6">
         <name>abort</name>
         <value>0xc5f8</value>
         <object_component_ref idref="oc-fc"/>
      </symbol>
      <symbol id="sm-1fa">
         <name>__TI_int00</name>
         <value>0xffe0</value>
         <object_component_ref idref="oc-3d"/>
      </symbol>
      <symbol id="sm-1fd">
         <name>__TI_int03</name>
         <value>0xffe6</value>
         <object_component_ref idref="oc-3f"/>
      </symbol>
      <symbol id="sm-200">
         <name>__TI_int06</name>
         <value>0xffec</value>
         <object_component_ref idref="oc-41"/>
      </symbol>
      <symbol id="sm-203">
         <name>__TI_int07</name>
         <value>0xffee</value>
         <object_component_ref idref="oc-42"/>
      </symbol>
      <symbol id="sm-206">
         <name>__TI_int11</name>
         <value>0xfff6</value>
         <object_component_ref idref="oc-46"/>
      </symbol>
      <symbol id="sm-209">
         <name>__TI_int12</name>
         <value>0xfff8</value>
         <object_component_ref idref="oc-47"/>
      </symbol>
      <symbol id="sm-20c">
         <name>__TI_int13</name>
         <value>0xfffa</value>
         <object_component_ref idref="oc-48"/>
      </symbol>
      <symbol id="sm-20f">
         <name>__TI_int14</name>
         <value>0xfffc</value>
         <object_component_ref idref="oc-49"/>
      </symbol>
      <symbol id="sm-217">
         <name>__TI_ISR_TRAP</name>
         <value>0xc5e8</value>
         <object_component_ref idref="oc-aa"/>
      </symbol>
      <symbol id="sm-21f">
         <name>__mspabi_slll_9</name>
         <value>0xc3dc</value>
         <object_component_ref idref="oc-18b"/>
      </symbol>
      <symbol id="sm-220">
         <name>__mspabi_slll_8</name>
         <value>0xc3e0</value>
         <object_component_ref idref="oc-18b"/>
      </symbol>
      <symbol id="sm-221">
         <name>__mspabi_slll_7</name>
         <value>0xc3e4</value>
         <object_component_ref idref="oc-18b"/>
      </symbol>
      <symbol id="sm-222">
         <name>__mspabi_slll_6</name>
         <value>0xc3e8</value>
         <object_component_ref idref="oc-18b"/>
      </symbol>
      <symbol id="sm-223">
         <name>__mspabi_slll_5</name>
         <value>0xc3ec</value>
         <object_component_ref idref="oc-18b"/>
      </symbol>
      <symbol id="sm-224">
         <name>__mspabi_slll_4</name>
         <value>0xc3f0</value>
         <object_component_ref idref="oc-18b"/>
      </symbol>
      <symbol id="sm-225">
         <name>__mspabi_slll_3</name>
         <value>0xc3f4</value>
         <object_component_ref idref="oc-18b"/>
      </symbol>
      <symbol id="sm-226">
         <name>__mspabi_slll_2</name>
         <value>0xc3f8</value>
         <object_component_ref idref="oc-18b"/>
      </symbol>
      <symbol id="sm-227">
         <name>__mspabi_slll_1</name>
         <value>0xc3fc</value>
         <object_component_ref idref="oc-18b"/>
      </symbol>
      <symbol id="sm-228">
         <name>__mspabi_slll_15</name>
         <value>0xc3c4</value>
         <object_component_ref idref="oc-18b"/>
      </symbol>
      <symbol id="sm-229">
         <name>__mspabi_slll_14</name>
         <value>0xc3c8</value>
         <object_component_ref idref="oc-18b"/>
      </symbol>
      <symbol id="sm-22a">
         <name>__mspabi_slll_13</name>
         <value>0xc3cc</value>
         <object_component_ref idref="oc-18b"/>
      </symbol>
      <symbol id="sm-22b">
         <name>__mspabi_slll_12</name>
         <value>0xc3d0</value>
         <object_component_ref idref="oc-18b"/>
      </symbol>
      <symbol id="sm-22c">
         <name>__mspabi_slll_11</name>
         <value>0xc3d4</value>
         <object_component_ref idref="oc-18b"/>
      </symbol>
      <symbol id="sm-22d">
         <name>__mspabi_slll_10</name>
         <value>0xc3d8</value>
         <object_component_ref idref="oc-18b"/>
      </symbol>
      <symbol id="sm-23b">
         <name>memcpy</name>
         <value>0xc5b0</value>
         <object_component_ref idref="oc-90"/>
      </symbol>
      <symbol id="sm-246">
         <name>__mspabi_mpyl_sw</name>
         <value>0xc4b2</value>
         <object_component_ref idref="oc-180"/>
      </symbol>
      <symbol id="sm-247">
         <name>__mspabi_mpyl</name>
         <value>0xc4b2</value>
         <object_component_ref idref="oc-180"/>
      </symbol>
      <symbol id="sm-250">
         <name>_system_pre_init</name>
         <value>0xc5f4</value>
         <object_component_ref idref="oc-d4"/>
      </symbol>
      <symbol id="sm-26a">
         <name>_auto_init</name>
         <value>0xc244</value>
         <object_component_ref idref="oc-da"/>
      </symbol>
      <symbol id="sm-26c">
         <name>__TI_INITARRAY_Base</name>
         <value>0x0</value>
      </symbol>
      <symbol id="sm-26d">
         <name>__TI_INITARRAY_Limit</name>
         <value>0x0</value>
      </symbol>
   </symbol_table>
   <title>Link successful</title>
</link_info>
