******************************************************************************
                  MSP430 Linker PC v4.4.4                      
******************************************************************************
>> Linked Thu Jul 30 22:33:01 2015

OUTPUT FILE NAME:   <proj02_blinkTemp_launchpad_original.out>
ENTRY POINT SYMBOL: "_c_int00_noargs_noexit"  address: 0000c562


MEMORY CONFIGURATION

         name            origin    length      used     unused   attr    fill
----------------------  --------  ---------  --------  --------  ----  --------
  SFR                   00000000   00000010  00000000  00000010  RWIX
  PERIPHERALS_8BIT      00000010   000000f0  00000000  000000f0  RWIX
  PERIPHERALS_16BIT     00000100   00000100  00000000  00000100  RWIX
  RAM                   00000200   00000200  00000084  0000017c  RWIX
  INFOD                 00001000   00000040  00000000  00000040  RWIX
  INFOC                 00001040   00000040  00000000  00000040  RWIX
  INFOB                 00001080   00000040  00000000  00000040  RWIX
  INFOA                 000010c0   00000040  00000000  00000040  RWIX
  FLASH                 0000c000   00003fe0  0000064c  00003994  RWIX
  INT00                 0000ffe0   00000002  00000002  00000000  RWIX
  INT01                 0000ffe2   00000002  00000000  00000002  RWIX
  INT02                 0000ffe4   00000002  00000002  00000000  RWIX
  INT03                 0000ffe6   00000002  00000002  00000000  RWIX
  INT04                 0000ffe8   00000002  00000000  00000002  RWIX
  INT05                 0000ffea   00000002  00000002  00000000  RWIX
  INT06                 0000ffec   00000002  00000002  00000000  RWIX
  INT07                 0000ffee   00000002  00000002  00000000  RWIX
  INT08                 0000fff0   00000002  00000002  00000000  RWIX
  INT09                 0000fff2   00000002  00000002  00000000  RWIX
  INT10                 0000fff4   00000002  00000002  00000000  RWIX
  INT11                 0000fff6   00000002  00000002  00000000  RWIX
  INT12                 0000fff8   00000002  00000002  00000000  RWIX
  INT13                 0000fffa   00000002  00000002  00000000  RWIX
  INT14                 0000fffc   00000002  00000002  00000000  RWIX
  RESET                 0000fffe   00000002  00000002  00000000  RWIX


SECTION ALLOCATION MAP

 output                                  attributes/
section   page    origin      length       input sections
--------  ----  ----------  ----------   ----------------
.bss       0    00000200    0000002f     UNINITIALIZED
                  00000200    00000020     (.common:tempMeasured)
                  00000220    00000004     (.common:tempAverage)
                  00000224    00000004     (.common:tempCalibrated)
                  00000228    00000004     (.common:tempDifference)
                  0000022c    00000002     (.common:TXByte)
                  0000022e    00000001     (.common:BitCnt)

.data      0    0000022f    00000005     UNINITIALIZED
                  0000022f    00000005     main.obj (.data)

.stack     0    000003b0    00000050     UNINITIALIZED
                  000003b0    00000002     rts430_eabi.lib : boot.obj (.stack)
                  000003b2    0000004e     --HOLE--

.text      0    0000c000    00000630     
                  0000c000    000001ac     main.obj (.text:main)
                  0000c1ac    00000064     rts430_eabi.lib : copy_decompress_rle.obj (.text:__TI_decompress_rle_core)
                  0000c210    00000062     main.obj (.text:Timer_A)
                  0000c272    00000058     main.obj (.text:ConfigureAdcTempSensor)
                  0000c2ca    00000058     rts430_eabi.lib : autoinit.obj (.text:_auto_init)
                  0000c322    00000058                     : div32u.obj (.text)
                  0000c37a    00000040                     : div32s.obj (.text)
                  0000c3ba    0000003e                     : asr32.obj (.text:l_asr_const)
                  0000c3f8    0000003e                     : lsl32.obj (.text:l_lsl_const)
                  0000c436    0000003c     main.obj (.text:Transmit)
                  0000c472    0000003a     main.obj (.text:PORT1_ISR)
                  0000c4ac    0000003a     main.obj (.text:PreApplicationMode)
                  0000c4e6    00000026     rts430_eabi.lib : mult32.obj (.text)
                  0000c50c    00000022     main.obj (.text:ConfigureTimerPwm)
                  0000c52e    0000001a     main.obj (.text:ConfigureTimerUart)
                  0000c548    0000001a     main.obj (.text:InitializeButton)
                  0000c562    0000001a     rts430_eabi.lib : boot_special.obj (.text:_c_int00_noargs_noexit)
                  0000c57c    0000001a     main.obj (.text:ta1_isr)
                  0000c596    00000014     main.obj (.text:InitializeClocks)
                  0000c5aa    00000014     main.obj (.text:WDT_ISR)
                  0000c5be    00000014     rts430_eabi.lib : copy_zero_init.obj (.text:decompress:ZI:__TI_zero_init)
                  0000c5d2    00000012                     : copy_decompress_none.obj (.text:decompress:none:__TI_decompress_none)
                  0000c5e4    00000012                     : memcpy.obj (.text:memcpy)
                  0000c5f6    00000010                     : epilog.obj (.text)
                  0000c606    0000000e     main.obj (.text:InitializeLeds)
                  0000c614    00000008     main.obj (.text:ADC10_ISR)
                  0000c61c    00000006     rts430_eabi.lib : isr_trap.obj (.text:_isr:__TI_ISR_TRAP)
                  0000c622    00000006                     : copy_decompress_rle.obj (.text:decompress:rle24:__TI_decompress_rle24)
                  0000c628    00000004                     : pre_init.obj (.text:_system_pre_init)
                  0000c62c    00000004                     : exit.obj (.text:abort)

.cinit     0    0000c630    0000001c     
                  0000c630    00000009     (.cinit..data.load) [load image]
                  0000c639    00000001     --HOLE-- [fill = 0]
                  0000c63a    00000006     (__TI_handler_table)
                  0000c640    00000004     (.cinit..bss.load) [load image, compression = zero_init]
                  0000c644    00000008     (__TI_cinit_table)

.init_array 
*          0    0000c000    00000000     UNINITIALIZED

.TI.persistent 
*          0    0000022f    00000000     UNINITIALIZED

TRAPINT    0    0000ffe0    00000002     
                  0000ffe0    00000002     rts430_eabi.lib : int00.obj (.int00)

PORT1      0    0000ffe4    00000002     
                  0000ffe4    00000002     main.obj (.int02)

PORT2      0    0000ffe6    00000002     
                  0000ffe6    00000002     rts430_eabi.lib : int03.obj (.int03)

ADC10      0    0000ffea    00000002     
                  0000ffea    00000002     main.obj (.int05)

USCIAB0TX 
*          0    0000ffec    00000002     
                  0000ffec    00000002     rts430_eabi.lib : int06.obj (.int06)

USCIAB0RX 
*          0    0000ffee    00000002     
                  0000ffee    00000002     rts430_eabi.lib : int07.obj (.int07)

TIMER0_A1 
*          0    0000fff0    00000002     
                  0000fff0    00000002     main.obj (.int08)

TIMER0_A0 
*          0    0000fff2    00000002     
                  0000fff2    00000002     main.obj (.int09)

WDT        0    0000fff4    00000002     
                  0000fff4    00000002     main.obj (.int10)

COMPARATORA 
*          0    0000fff6    00000002     
                  0000fff6    00000002     rts430_eabi.lib : int11.obj (.int11)

TIMER1_A1 
*          0    0000fff8    00000002     
                  0000fff8    00000002     rts430_eabi.lib : int12.obj (.int12)

TIMER1_A0 
*          0    0000fffa    00000002     
                  0000fffa    00000002     rts430_eabi.lib : int13.obj (.int13)

NMI        0    0000fffc    00000002     
                  0000fffc    00000002     rts430_eabi.lib : int14.obj (.int14)

.reset     0    0000fffe    00000002     
                  0000fffe    00000002     rts430_eabi.lib : boot.obj (.reset)


LINKER GENERATED COPY TABLES

__TI_cinit_table @ 0000c644 records: 2, size/record: 4, table size: 8
	.data: load addr=0000c630, load size=00000009 bytes, run addr=0000022f, run size=00000005 bytes, compression=copy
	.bss: load addr=0000c640, load size=00000004 bytes, run addr=00000200, run size=0000002f bytes, compression=zero_init


LINKER GENERATED HANDLER TABLE

__TI_handler_table @ 0000c63a records: 3, size/record: 2, table size: 6
	index: 0, handler: __TI_zero_init
	index: 1, handler: __TI_decompress_rle24
	index: 2, handler: __TI_decompress_none


GLOBAL SYMBOLS: SORTED ALPHABETICALLY BY Name 

address   name                    
-------   ----                    
0000004a  ADC10AE0                
000001b0  ADC10CTL0               
000001b2  ADC10CTL1               
00000048  ADC10DTC0               
00000049  ADC10DTC1               
000001b4  ADC10MEM                
000001bc  ADC10SA                 
0000c614  ADC10_ISR               
00000057  BCSCTL1                 
00000058  BCSCTL2                 
00000053  BCSCTL3                 
0000022e  BitCnt                  
0000c62c  C$$EXIT                 
00000059  CACTL1                  
0000005a  CACTL2                  
000010fb  CALBC1_12MHZ            
000010f9  CALBC1_16MHZ            
000010ff  CALBC1_1MHZ             
000010fd  CALBC1_8MHZ             
000010fa  CALDCO_12MHZ            
000010f8  CALDCO_16MHZ            
000010fe  CALDCO_1MHZ             
000010fc  CALDCO_8MHZ             
0000005b  CAPD                    
0000c272  ConfigureAdcTempSensor  
0000c50c  ConfigureTimerPwm       
0000c52e  ConfigureTimerUart      
00000056  DCOCTL                  
00000128  FCTL1                   
0000012a  FCTL2                   
0000012c  FCTL3                   
00000000  IE1                     
00000001  IE2                     
00000002  IFG1                    
00000003  IFG2                    
0000c548  InitializeButton        
0000c596  InitializeClocks        
0000c606  InitializeLeds          
00000022  P1DIR                   
00000025  P1IE                    
00000024  P1IES                   
00000023  P1IFG                   
00000020  P1IN                    
00000021  P1OUT                   
00000027  P1REN                   
00000026  P1SEL                   
00000041  P1SEL2                  
0000002a  P2DIR                   
0000002d  P2IE                    
0000002c  P2IES                   
0000002b  P2IFG                   
00000028  P2IN                    
00000029  P2OUT                   
0000002f  P2REN                   
0000002e  P2SEL                   
00000042  P2SEL2                  
0000001a  P3DIR                   
00000018  P3IN                    
00000019  P3OUT                   
00000010  P3REN                   
0000001b  P3SEL                   
00000043  P3SEL2                  
0000c472  PORT1_ISR               
0000c4ac  PreApplicationMode      
00000172  TA0CCR0                 
00000174  TA0CCR1                 
00000176  TA0CCR2                 
00000162  TA0CCTL0                
00000164  TA0CCTL1                
00000166  TA0CCTL2                
00000160  TA0CTL                  
0000012e  TA0IV                   
00000170  TA0R                    
00000192  TA1CCR0                 
00000194  TA1CCR1                 
00000196  TA1CCR2                 
00000182  TA1CCTL0                
00000184  TA1CCTL1                
00000186  TA1CCTL2                
00000180  TA1CTL                  
0000011e  TA1IV                   
00000190  TA1R                    
000010db  TLV_ADC10_1_LEN         
000010da  TLV_ADC10_1_TAG         
000010c0  TLV_CHECKSUM            
000010f7  TLV_DCO_30_LEN          
000010f6  TLV_DCO_30_TAG          
0000022c  TXByte                  
0000c210  Timer_A                 
0000c436  Transmit                
0000005d  UCA0ABCTL               
00000062  UCA0BR0                 
00000063  UCA0BR1                 
00000060  UCA0CTL0                
00000061  UCA0CTL1                
0000005f  UCA0IRRCTL              
0000005e  UCA0IRTCTL              
00000064  UCA0MCTL                
00000066  UCA0RXBUF               
00000065  UCA0STAT                
00000067  UCA0TXBUF               
0000006a  UCB0BR0                 
0000006b  UCB0BR1                 
00000068  UCB0CTL0                
00000069  UCB0CTL1                
0000006c  UCB0I2CIE               
00000118  UCB0I2COA               
0000011a  UCB0I2CSA               
0000006e  UCB0RXBUF               
0000006d  UCB0STAT                
0000006f  UCB0TXBUF               
00000120  WDTCTL                  
0000c5aa  WDT_ISR                 
00000400  __STACK_END             
00000050  __STACK_SIZE            
0000c644  __TI_CINIT_Base         
0000c64c  __TI_CINIT_Limit        
0000c63a  __TI_Handler_Table_Base 
0000c640  __TI_Handler_Table_Limit
UNDEFED   __TI_INITARRAY_Base     
UNDEFED   __TI_INITARRAY_Limit    
0000c61c  __TI_ISR_TRAP           
0000c5d2  __TI_decompress_none    
0000c622  __TI_decompress_rle24   
0000ffe0  __TI_int00              
0000ffe4  __TI_int02              
0000ffe6  __TI_int03              
0000ffea  __TI_int05              
0000ffec  __TI_int06              
0000ffee  __TI_int07              
0000fff0  __TI_int08              
0000fff2  __TI_int09              
0000fff4  __TI_int10              
0000fff6  __TI_int11              
0000fff8  __TI_int12              
0000fffa  __TI_int13              
0000fffc  __TI_int14              
0000c5be  __TI_zero_init          
ffffffff  __binit__               
ffffffff  __c_args__              
0000c37a  __mspabi_divli          
0000c322  __mspabi_divul          
0000c602  __mspabi_func_epilog_1  
0000c600  __mspabi_func_epilog_2  
0000c5fe  __mspabi_func_epilog_3  
0000c5fc  __mspabi_func_epilog_4  
0000c5fa  __mspabi_func_epilog_5  
0000c5f8  __mspabi_func_epilog_6  
0000c5f6  __mspabi_func_epilog_7  
0000c4e6  __mspabi_mpyl           
0000c4e6  __mspabi_mpyl_sw        
0000c37a  __mspabi_remli          
0000c322  __mspabi_remul          
0000c430  __mspabi_slll_1         
0000c40c  __mspabi_slll_10        
0000c408  __mspabi_slll_11        
0000c404  __mspabi_slll_12        
0000c400  __mspabi_slll_13        
0000c3fc  __mspabi_slll_14        
0000c3f8  __mspabi_slll_15        
0000c42c  __mspabi_slll_2         
0000c428  __mspabi_slll_3         
0000c424  __mspabi_slll_4         
0000c420  __mspabi_slll_5         
0000c41c  __mspabi_slll_6         
0000c418  __mspabi_slll_7         
0000c414  __mspabi_slll_8         
0000c410  __mspabi_slll_9         
0000c3f2  __mspabi_sral_1         
0000c3ce  __mspabi_sral_10        
0000c3ca  __mspabi_sral_11        
0000c3c6  __mspabi_sral_12        
0000c3c2  __mspabi_sral_13        
0000c3be  __mspabi_sral_14        
0000c3ba  __mspabi_sral_15        
0000c3ee  __mspabi_sral_2         
0000c3ea  __mspabi_sral_3         
0000c3e6  __mspabi_sral_4         
0000c3e2  __mspabi_sral_5         
0000c3de  __mspabi_sral_6         
0000c3da  __mspabi_sral_7         
0000c3d6  __mspabi_sral_8         
0000c3d2  __mspabi_sral_9         
0000c2ca  _auto_init              
0000c562  _c_int00_noargs_noexit  
0000fffe  _reset_vector           
000003b0  _stack                  
0000c628  _system_pre_init        
0000c62c  abort                   
0000022f  applicationMode         
ffffffff  binit                   
00000231  calibrateUpdate         
0000c000  main                    
0000c5e4  memcpy                  
0000c57c  ta1_isr                 
00000220  tempAverage             
00000224  tempCalibrated          
00000228  tempDifference          
00000200  tempMeasured            
00000233  tempMeasuredPosition    
00000232  tempPolarity            
00000230  timerMode               


GLOBAL SYMBOLS: SORTED BY Symbol Address 

address   name                    
-------   ----                    
00000000  IE1                     
00000001  IE2                     
00000002  IFG1                    
00000003  IFG2                    
00000010  P3REN                   
00000018  P3IN                    
00000019  P3OUT                   
0000001a  P3DIR                   
0000001b  P3SEL                   
00000020  P1IN                    
00000021  P1OUT                   
00000022  P1DIR                   
00000023  P1IFG                   
00000024  P1IES                   
00000025  P1IE                    
00000026  P1SEL                   
00000027  P1REN                   
00000028  P2IN                    
00000029  P2OUT                   
0000002a  P2DIR                   
0000002b  P2IFG                   
0000002c  P2IES                   
0000002d  P2IE                    
0000002e  P2SEL                   
0000002f  P2REN                   
00000041  P1SEL2                  
00000042  P2SEL2                  
00000043  P3SEL2                  
00000048  ADC10DTC0               
00000049  ADC10DTC1               
0000004a  ADC10AE0                
00000050  __STACK_SIZE            
00000053  BCSCTL3                 
00000056  DCOCTL                  
00000057  BCSCTL1                 
00000058  BCSCTL2                 
00000059  CACTL1                  
0000005a  CACTL2                  
0000005b  CAPD                    
0000005d  UCA0ABCTL               
0000005e  UCA0IRTCTL              
0000005f  UCA0IRRCTL              
00000060  UCA0CTL0                
00000061  UCA0CTL1                
00000062  UCA0BR0                 
00000063  UCA0BR1                 
00000064  UCA0MCTL                
00000065  UCA0STAT                
00000066  UCA0RXBUF               
00000067  UCA0TXBUF               
00000068  UCB0CTL0                
00000069  UCB0CTL1                
0000006a  UCB0BR0                 
0000006b  UCB0BR1                 
0000006c  UCB0I2CIE               
0000006d  UCB0STAT                
0000006e  UCB0RXBUF               
0000006f  UCB0TXBUF               
00000118  UCB0I2COA               
0000011a  UCB0I2CSA               
0000011e  TA1IV                   
00000120  WDTCTL                  
00000128  FCTL1                   
0000012a  FCTL2                   
0000012c  FCTL3                   
0000012e  TA0IV                   
00000160  TA0CTL                  
00000162  TA0CCTL0                
00000164  TA0CCTL1                
00000166  TA0CCTL2                
00000170  TA0R                    
00000172  TA0CCR0                 
00000174  TA0CCR1                 
00000176  TA0CCR2                 
00000180  TA1CTL                  
00000182  TA1CCTL0                
00000184  TA1CCTL1                
00000186  TA1CCTL2                
00000190  TA1R                    
00000192  TA1CCR0                 
00000194  TA1CCR1                 
00000196  TA1CCR2                 
000001b0  ADC10CTL0               
000001b2  ADC10CTL1               
000001b4  ADC10MEM                
000001bc  ADC10SA                 
00000200  tempMeasured            
00000220  tempAverage             
00000224  tempCalibrated          
00000228  tempDifference          
0000022c  TXByte                  
0000022e  BitCnt                  
0000022f  applicationMode         
00000230  timerMode               
00000231  calibrateUpdate         
00000232  tempPolarity            
00000233  tempMeasuredPosition    
000003b0  _stack                  
00000400  __STACK_END             
000010c0  TLV_CHECKSUM            
000010da  TLV_ADC10_1_TAG         
000010db  TLV_ADC10_1_LEN         
000010f6  TLV_DCO_30_TAG          
000010f7  TLV_DCO_30_LEN          
000010f8  CALDCO_16MHZ            
000010f9  CALBC1_16MHZ            
000010fa  CALDCO_12MHZ            
000010fb  CALBC1_12MHZ            
000010fc  CALDCO_8MHZ             
000010fd  CALBC1_8MHZ             
000010fe  CALDCO_1MHZ             
000010ff  CALBC1_1MHZ             
0000c000  main                    
0000c210  Timer_A                 
0000c272  ConfigureAdcTempSensor  
0000c2ca  _auto_init              
0000c322  __mspabi_divul          
0000c322  __mspabi_remul          
0000c37a  __mspabi_divli          
0000c37a  __mspabi_remli          
0000c3ba  __mspabi_sral_15        
0000c3be  __mspabi_sral_14        
0000c3c2  __mspabi_sral_13        
0000c3c6  __mspabi_sral_12        
0000c3ca  __mspabi_sral_11        
0000c3ce  __mspabi_sral_10        
0000c3d2  __mspabi_sral_9         
0000c3d6  __mspabi_sral_8         
0000c3da  __mspabi_sral_7         
0000c3de  __mspabi_sral_6         
0000c3e2  __mspabi_sral_5         
0000c3e6  __mspabi_sral_4         
0000c3ea  __mspabi_sral_3         
0000c3ee  __mspabi_sral_2         
0000c3f2  __mspabi_sral_1         
0000c3f8  __mspabi_slll_15        
0000c3fc  __mspabi_slll_14        
0000c400  __mspabi_slll_13        
0000c404  __mspabi_slll_12        
0000c408  __mspabi_slll_11        
0000c40c  __mspabi_slll_10        
0000c410  __mspabi_slll_9         
0000c414  __mspabi_slll_8         
0000c418  __mspabi_slll_7         
0000c41c  __mspabi_slll_6         
0000c420  __mspabi_slll_5         
0000c424  __mspabi_slll_4         
0000c428  __mspabi_slll_3         
0000c42c  __mspabi_slll_2         
0000c430  __mspabi_slll_1         
0000c436  Transmit                
0000c472  PORT1_ISR               
0000c4ac  PreApplicationMode      
0000c4e6  __mspabi_mpyl           
0000c4e6  __mspabi_mpyl_sw        
0000c50c  ConfigureTimerPwm       
0000c52e  ConfigureTimerUart      
0000c548  InitializeButton        
0000c562  _c_int00_noargs_noexit  
0000c57c  ta1_isr                 
0000c596  InitializeClocks        
0000c5aa  WDT_ISR                 
0000c5be  __TI_zero_init          
0000c5d2  __TI_decompress_none    
0000c5e4  memcpy                  
0000c5f6  __mspabi_func_epilog_7  
0000c5f8  __mspabi_func_epilog_6  
0000c5fa  __mspabi_func_epilog_5  
0000c5fc  __mspabi_func_epilog_4  
0000c5fe  __mspabi_func_epilog_3  
0000c600  __mspabi_func_epilog_2  
0000c602  __mspabi_func_epilog_1  
0000c606  InitializeLeds          
0000c614  ADC10_ISR               
0000c61c  __TI_ISR_TRAP           
0000c622  __TI_decompress_rle24   
0000c628  _system_pre_init        
0000c62c  C$$EXIT                 
0000c62c  abort                   
0000c63a  __TI_Handler_Table_Base 
0000c640  __TI_Handler_Table_Limit
0000c644  __TI_CINIT_Base         
0000c64c  __TI_CINIT_Limit        
0000ffe0  __TI_int00              
0000ffe4  __TI_int02              
0000ffe6  __TI_int03              
0000ffea  __TI_int05              
0000ffec  __TI_int06              
0000ffee  __TI_int07              
0000fff0  __TI_int08              
0000fff2  __TI_int09              
0000fff4  __TI_int10              
0000fff6  __TI_int11              
0000fff8  __TI_int12              
0000fffa  __TI_int13              
0000fffc  __TI_int14              
0000fffe  _reset_vector           
ffffffff  __binit__               
ffffffff  __c_args__              
ffffffff  binit                   
UNDEFED   __TI_INITARRAY_Base     
UNDEFED   __TI_INITARRAY_Limit    

[202 symbols]
